Archive member included because of file (symbol)

../../../libIPLAY/lib//libbios.a(exception.o)
                              ../object/ui_timer.o (IntEnable)
../../../libIPLAY/lib//libbios.a(agent.o)
                              ../../../libIPLAY/lib//libbios.a(exception.o) (BreakHandler)
../../../libIPLAY/lib//libbios.a(hal_Ckg.o)
                              ../object/main.o (Clock_PllFreqGet)
../../../libIPLAY/lib//libbios.a(string.o)
                              ../../../libIPLAY/lib//libbios.a(agent.o) (mp_vsprintf)
../../../libIPLAY/lib//libos.a(cosmos.o)
                              ../object/main.o (OsInit)
../../../libIPLAY/lib//libos.a(task.o)
                              ../../../libIPLAY/lib//libbios.a(exception.o) (boolContext)
../../../libIPLAY/lib//libos.a(object.o)
                              ../../../libIPLAY/lib//libos.a(cosmos.o) (ObjectInit)
../../../libIPLAY/lib//libos.a(event.o)
                              ../object/main.o (EventCreate)
../../../libIPLAY/lib//libos.a(mailbox.o)
                              ../../../libIPLAY/lib//libos.a(cosmos.o) (MailboxInit)
../../../libIPLAY/lib//libos.a(message.o)
                              ../../../libIPLAY/lib//libos.a(cosmos.o) (MessageCreate)
../../../libIPLAY/lib//libos.a(memory.o)
                              ../../../libIPLAY/lib//libos.a(task.o) (ker_mem_malloc)
../../../libIPLAY/lib//libos.a(systimer.o)
                              ../object/ui_timer.o (GetSysTime)
../../../libIPLAY/lib//libos.a(interrupt.o)
                              ../object/main.o (DmaIntHandleRegister)
../../../libIPLAY/lib//libMcard.a(mcard.o)
                              ../object/main.o (McardIsr)
../../../libIPLAY/lib//libMcard.a(NandFTL.o)
                              ../../../libIPLAY/lib//libMcard.a(mcard.o) (NandInit)
../../../libIPLAY/lib//libMcard.a(NandPhyAdv_Mp650.o)
                              ../../../libIPLAY/lib//libMcard.a(NandFTL.o) (GetNandLogAddr)
../../../libIPLAY/lib//libMcard.a(SD.o)
                              ../../../libIPLAY/lib//libMcard.a(NandFTL.o) (SdProgChk)
../../../libIPLAY/lib//libMcard.a(SdPhy_Mp650.o)
                              ../../../libIPLAY/lib//libMcard.a(SD.o) (SdHost_WaitCardResponse)
../../../libIPLAY/lib//libMcard.a(Uti.o)
                              ../../../libIPLAY/lib//libMcard.a(NandPhyAdv_Mp650.o) (MemDump)
../../../libIPLAY/lib//libMcard.a(NandIdIdentify.o)
                              ../../../libIPLAY/lib//libMcard.a(NandPhyAdv_Mp650.o) (NandIdPaserFunInit)
../../../libIPLAY/lib//libfile.a(dir.o)
                              ../object/UI_FileSystem.o (PathAPI__Cd_Path_UTF16)
../../../libIPLAY/lib//libfile.a(chain.o)
                              ../../../libIPLAY/lib//libfile.a(dir.o) (SectorClear)
../../../libIPLAY/lib//libfile.a(drive.o)
                              ../object/main.o (FileSystemInit)
../../../libIPLAY/lib//libfile.a(file.o)
                              ../../../libIPLAY/lib//libfile.a(dir.o) (ReplaceGlyph)
../../../libIPLAY/lib//libfile.a(Format.o)
                              ../object/main.o (Fat32_Format)
../../../libIPLAY/lib//libfile.a(filebrowser.o)
                              ../object/main.o (g_pstBrowser)
../../../libIPLAY/lib//libperipheral.a(hal_gpio.o)
                              ../object/xpgProcSensorData.o (Gpio_ValueGet)
../../../libIPLAY/lib//libperipheral.a(hal_mmcp.o)
                              ../object/isp.o (mmcp_memcpy)
../../../libIPLAY/lib//libperipheral.a(hal_rtc.o)
                              ../../../libIPLAY/lib//libos.a(systimer.o) (RTC_AlarmSet)
../../../libIPLAY/lib//libsystem.a(SystemConfig.o)
                              ../object/xpgFunc.o (g_bXpgStatus)
../../../libIPLAY/lib//libsystem.a(SystemMemory.o)
                              ../../../libIPLAY/lib//libsystem.a(SystemConfig.o) (SystemMemoryMapInit)
../../../libIPLAY/lib//libsystem.a(SystemDrive.o)
                              ../../../libIPLAY/lib//libfile.a(drive.o) (SystemCardEventSet)
../../../libIPLAY/lib//libsystem.a(global612.o)
                              ../object/xpgFunc.o (g_bAniFlag)
../../../libIPLAY/lib//libsystem.a(ISP_Nand.o)
                              ../object/main.o (NandCodeCheck)
../../../libIPLAY/lib//libsystem.a(McardDevInfo.o)
                              ../object/main.o (McardDevInfoStore)
../../../libIPLAY/lib//libsystem.a(SetTabFunc.o)
                              ../object/Setup.o (Sys_SettingTableOpen)
../../lib//libui.a(uigpio.o)  ../object/main.o (Ui_GetKey)
../../lib//libui.a(uiTouchCtrller.o)
                              ../object/main.o (TouchCtrllerInit)
../../../libIPLAY/lib//libdisplay.a(idu.o)
                              ../object/xpgProcSensorData.o (Idu_ChgWin)
../../../libIPLAY/lib//libdisplay.a(osd.o)
                              ../object/main.o (Idu_OsdSetDefaultPalette)
../../../libIPLAY/lib//libdisplay.a(osd4.o)
                              ../../../libIPLAY/lib//libdisplay.a(osd.o) (dwDefaultPalette)
[...]
Memory Configuration

Name             Origin             Length             Attributes
MEMORY_SIZE      0x0000000080002000 0x0000000002000000
*default*        0x0000000000000000 0xffffffffffffffff

Linker script and memory map


.boot           0x0000000080000010       0x5c
 *(.boot)
 .boot          0x0000000080000010       0x5c ../../../libIPLAY/lib//libbios.a(startup.o)
                0x0000000080000010                Boot

.vector         0x0000000080000080      0x408
 *(.vector)
 .vector        0x0000000080000080      0x408 ../../../libIPLAY/lib//libbios.a(exception.o)

.text           0x0000000080002000    0xb4818
                0x0000000080002000                . = ALIGN (0x20)
 *(.adjustpll)
 .adjustpll     0x0000000080002000       0x28 ../../../libIPLAY/lib//libbios.a(hal_Ckg.o)
                0x0000000080002040                . = ALIGN (0x20)
 *fill*         0x0000000080002028 0x100000018 00
 *fill*         0x0000000080002040 0x100000000 00
 *(.adjustmemcs)
 .adjustmemcs   0x0000000080002040       0x28 ../../../libIPLAY/lib//libbios.a(hal_Ckg.o)
                0x0000000080002080                . = ALIGN (0x20)
 *fill*         0x0000000080002068 0x100000018 00
 *fill*         0x0000000080002080 0x100000000 00
 *(.pwdcwait)
                0x0000000080002080                . = ALIGN (0x20)
 *(.memfreqchg)
 .memfreqchg    0x0000000080002080      0xdec ../../../libIPLAY/lib//libbios.a(hal_Ckg.o)
                0x0000000080002080                Clock_SystemFrequencyChange
                0x0000000080002e80                . = ALIGN (0x20)
 *fill*         0x0000000080002e6c 0x100000014 00
 *fill*         0x0000000080002e80 0x100000000 00
 *(.setdramtiming)
 .setdramtiming
                0x0000000080002e80       0x10 ../../../libIPLAY/lib//libbios.a(hal_Ckg.o)
                0x0000000080002e80                Clock_DRAM_timing_Set
                0x0000000080002e88                Clock_DllDelay_Set
                0x0000000080002ea0                . = ALIGN (0x20)
 *fill*         0x0000000080002e90 0x100000010 00
 *fill*         0x0000000080002ea0 0x100000000 00
 *(.dlldelay)
                0x0000000080002ea0                . = ALIGN (0x4)
 *(.eh_frame)
 .eh_frame      0x0000000080002ea0       0x48 /cygdrive/e/mips/bin/../lib/gcc-lib/lexra-mpx-elf/3.2.1/soft-float/libgcc.a(_udivdi3.o)
 .eh_frame      0x0000000080002ee8       0x48 /cygdrive/e/mips/bin/../lib/gcc-lib/lexra-mpx-elf/3.2.1/soft-float/libgcc.a(_umoddi3.o)
 *(.rodata.str1.4)
 *(.text)
 .text          0x0000000080002f30     0x2ccc ../object/main.o
                0x0000000080002f30                AutoISP
                0x00000000800032f8                main
                0x0000000080003134                DisplayColorTest
 .text          0x0000000080005bfc      0xb20 ../object/ui_timer.o
                0x0000000080005bfc                Ui_TimerProcRemove
                0x00000000800061b0                CheckTimerAction
                0x0000000080005fa8                Ui_TimerProcessHandle
                0x00000000800063c8                HHMMSSExceptionTaskDeInit
                0x00000000800063a4                xpgGetclockTimerCreated
                0x000000008000636c                Ui_TimerProcResume
                0x00000000800060d4                Ui_TimerProcessCheck
                0x00000000800062d0                Ui_TimerProcInit
                0x0000000080006334                Ui_TimerProcPause
                0x0000000080005d14                Ui_TimerProcAdd
 .text          0x000000008000671c      0xe94 ../object/xpgFunc.o
                0x000000008000679c                xpgInitOsdTimeBar
                0x0000000080006d9c                xpgStopAllAction
                0x0000000080006870                xpgGetFuncPtr
                0x0000000080006800                xpgUpdateFuncPtrInit
                0x0000000080006adc                OsdLineSet
                0x0000000080007474                xpgCb_EnterSetupPage
                0x0000000080006f50                xpgCb_PressLeftKey
                0x0000000080006ef0                xpgCb_NullFunc
                0x0000000080007008                xpgCb_PressEnterKey
                0x0000000080006f94                xpgCb_PressRightKey
                0x0000000080007068                GetNewCaptureHandle
                0x0000000080006a60                OsdLineInit
                0x0000000080006eb8                xpgDelay
                0x00000000800074e8                xpgCb_EnterPhotoViewPage
                0x0000000080006a0c                Free_Cache_BGWin
                0x00000000800067bc                xpgUpdateEQInfo
                0x0000000080006898                Idu_Cache_BGWin
                0x0000000080007570                Timer_FirstEnterCamPreview
                0x000000008000673c                xpgUpdateOsdTimeBar
                0x0000000080006c1c                xpgUpdatePageOsd
                0x0000000080007048                xpgCb_PressExitKey
                0x00000000800069cc                Idu_GetCache_BGWin
                0x0000000080006f10                xpgCb_PressUpKey
                0x00000000800073d4                xpgCb_EnterCamcoderPreview
                0x0000000080007158                xpgCb_CaptureWinToFile
                0x0000000080006e4c                xpgGotoNewPageInit
                0x000000008000671c                xpgUpdateTimeBar
                0x0000000080006f30                xpgCb_PressDownKey
                0x00000000800067dc                xpgOsdPopupError
 .text          0x00000000800075b0      0x130 ../object/xpgString.o
                0x00000000800075b0                getstr
                0x0000000080007620                ChangeLanguage
                0x00000000800076a4                IduSetFontSize
 .text          0x00000000800076e0      0x9a0 ../object/imageplayer.o
                0x0000000080007918                ImageDraw_FitToFull
                0x00000000800078f0                Img_GetCDU_DecodeWidth
                0x00000000800078c8                Img_GetOriginalHeight
                0x00000000800076e0                ImageGetDecodeTargetWin
                0x0000000080007d74                ImageScaleFromJPEGTarget
                0x0000000080007770                ImagePlayer_DecodeFile
                0x0000000080007fac                ImageDraw
                0x0000000080007dec                ImageDraw_Decode
                0x0000000080007730                ImagePlayer_CloseFile
                0x0000000080007708                ImageGetDecodeWinType
                0x0000000080007dc4                ImageGetDecodeWin
                0x00000000800078a0                Img_GetOriginalWidth
                0x0000000080007b54                ImageDraw_FitToWidth
 .text          0x0000000080008080      0x714 ../object/Setup.o
                0x0000000080008268                PutDefaultSetupMenuValue
                0x000000008000871c                WriteSetupChg
                0x0000000080008674                SetupMenuInit
                0x0000000080008080                GetDefaultSetupMenuValue
                0x00000000800085c0                PutSetupMenuValueWait
                0x0000000080008654                SetupFunctionEffect
                0x00000000800084bc                PutSetupMenuValue
                0x0000000080008180                Recover_g_psSetupMenu
                0x00000000800086c8                SetupMenuReset
                0x00000000800080fc                Update_gSetupMenuValue
                0x0000000080008754                TimerToWriteSetup
                0x0000000080008364                GetSetupMenuValue
 .text          0x0000000080008794      0xa68 ../object/isp.o
                0x0000000080008e1c                ISP_GetResourceSize
                0x0000000080008794                ISP_UpDateCode
                0x0000000080008e9c                ISP_ChksumVerify
                0x0000000080008e54                ISP_GetResource
 .text          0x00000000800091fc      0x4f0 ../object/xpgDriveFunc.o
                0x000000008000940c                xpgChangeDrive
                0x0000000080009368                xpgGetFirstDrive
                0x00000000800092f0                xpgCheckDriveCount
                0x00000000800091fc                xpgGotoNoCardPage
                0x00000000800095fc                xpgDisableDrive
                0x00000000800092b8                xpgGetDriveCount
                0x000000008000921c                xpgCb_NextCard
                0x00000000800094d8                xpgEnableDrive
 .text          0x00000000800096ec     0x3458 ../object/xpgDrawSprite.o
                0x000000008000b348                xpgDrawSprite_CloseIcon
                0x00000000800099c8                xpgDrawSprite_TextBlackLeft
                0x0000000080009d5c                DrawHiLightBox
                0x000000008000b74c                xpgDrawSprite_Selector
                0x0000000080009810                xpgDrawSprite_TextWhiteLeft
                0x000000008000a90c                xpgDrawSprite_Title
                0x00000000800096ec                xpgDrawSprite_Null
                0x0000000080009778                GetDigitPerTen
                0x000000008000adf8                xpgDrawSprite_Aside
                0x000000008000b3a8                xpgDrawSprite_Text
                0x000000008000b064                xpgDrawSprite_BackIcon
                0x000000008000a3dc                xpgDrawSprite_Background
                0x0000000080009718                xpgDrawSprite
                0x000000008000ca64                xpgDrawSprite_List
                0x000000008000cafc                xpgDrawSprite_Dialog
                0x000000008000a1a0                xpgDrawSprite_ModeIcon
                0x000000008000a8b4                xpgDrawSprite_DarkIcon
                0x000000008000a2f0                xpgDrawSprite_FileView
                0x000000008000a6a0                xpgDrawSprite_LightIcon
                0x0000000080009b5c                xpgDrawSprite_TextBlackCenter
                0x000000008000a424                xpgDrawSprite_Icon
                0x000000008000a03c                xpgDrawSprite_HilightFrame
                0x000000008000a8e0                xpgDrawSprite_Mask
 .text          0x000000008000cb44      0xbd4 ../object/xpgBrowser.o
                0x000000008000d1bc                xpgMenuListPrevPage
                0x000000008000d120                xpgMenuListPrev
                0x000000008000d4b4                xpgCb_OpenFolder
                0x000000008000cbb8                xpgMenuListSetIndex
                0x000000008000cb44                ClrBrowserDrvId
                0x000000008000d6e8                xpgClearCatch
                0x000000008000d564                xpgFileDelete
                0x000000008000d0dc                xpgMenuListNext
                0x000000008000d164                xpgMenuListNextPage
                0x000000008000d45c                xpgCb_EnterPhotoMenu
                0x000000008000d220                xpgChangeMenuMode
 .text          0x000000008000d718       0x94 ../object/platform.o
                0x000000008000d718                PlatformInit
                0x000000008000d774                TurnOffBackLight
                0x000000008000d73c                TurnOnBackLight
 .text          0x000000008000d7ac      0x6e8 ../object/camcorder_func.o
                0x000000008000dbc8                Camcorder_PreviewStop
                0x000000008000db5c                Camcorder_PreviewStart
                0x000000008000d7ac                Camcorder_VideoRecordingPreviewStart
                0x000000008000ddc4                Camcorder_RecordPause
                0x000000008000dc14                Camcorder_RecordStart
                0x000000008000dd78                Camcorder_RecordStop
                0x000000008000de08                Camcorder_RecordResume
 .text          0x000000008000de94      0x72c ../object/UI_FileSystem.o
                0x000000008000e530                UI_FileSystem_EarliestFileRemove
                0x000000008000e0a8                CreatePhotoFileByIndex
                0x000000008000de94                GetMaxDigitName
                0x000000008000e4ec                UI_FileSystem_AutoNameFileCreate
                0x000000008000e264                CreateFileByTime
 .text          0x000000008000e5c0     0xb434 ../object/xpgProcSensorData.o
                0x000000008000f6dc                PrintWinData
                0x0000000080015c84                TimeoutToStopHoldMoto1
                0x000000008000e718                TSPI_Wait_DinHigh
                0x0000000080015e24                MotoHoldTimeoutSet
                0x0000000080017fd4                TimerToNextState
                0x000000008000f828                SetFillProcWinFlag
                0x000000008000ea70                TSPI_Reset
                0x000000008000f078                TSPI_PacketSend
                0x000000008000eaf0                TSPI_Send
                0x0000000080018ad8                TSPI_DataProc
                0x0000000080010394                SearchLeftFiberCenter
                0x000000008000fdc0                SearchLeftFiberBottomEdge
                0x00000000800165b4                MoveVMotorToSpecPosition
                0x0000000080018004                Proc_Weld_State
                0x000000008001971c                ProcIpwFrameEvent
                0x000000008000ef68                TSPI_SendWithCheck
                0x000000008000e9d8                TSPI_Init
                0x000000008001211c                SearchRightFiberCore
                0x00000000800179ec                Proc_AutoFocus
                0x000000008000e690                TSPI_Wait_DinLow
                0x000000008000eeb8                TSPI_TimerToResend
                0x000000008001916c                DisplaySensorOnCurrWin
                0x0000000080018e74                DisplaySensorImage
                0x000000008000e8c0                TSPI_Wait_ClkLow
                0x0000000080016a68                MoveVMotorByPosition
                0x000000008000f204                TSPI_Receiver
                0x00000000800145d8                SearchRightFiberFaceAndTopEdge
                0x00000000800162bc                MoveAFMotor
                0x000000008000f684                SetCachWinNum
                0x0000000080011584                SearchLeftFiberCore
                0x000000008000f9a4                GetBackgroundLevel
                0x0000000080015cec                TimeoutToStopHoldMoto2
                0x000000008001978c                ProcIpwBit0Event
                0x0000000080015370                SearchFiberLowPoint
                0x0000000080018a2c                Proc_SensorData_State
                0x00000000800161b0                TimerToReleaseAllHold
                0x0000000080015dbc                TimeoutToStopHoldMoto4
                0x0000000080016f0c                Discharge
                0x0000000080015b6c                MotorSetStatus
                0x0000000080010bcc                GetReallyData
                0x0000000080017f7c                ResetMotor
                0x0000000080019398                CacheSensorData
                0x0000000080011020                GetFiberBlackLevel
                0x000000008000e830                TSPI_Wait_DoutHigh
                0x000000008000f950                AutoGetFiberLowPoint
                0x0000000080016218                GetMotoIdxByFiberIdx
                0x000000008000e5c0                TSPI_WaitFree
                0x000000008000f888                AutoStartWeld
                0x0000000080016388                MoveHMotorToSpecPosition
                0x00000000800170fc                Proc_GetFiberLowPoint
                0x00000000800175e4                ProcAFData
                0x000000008000e948                TSPI_Wait_ClkHigh
                0x00000000800175a4                ProcAFmotorAction
                0x000000008000e7a8                TSPI_Wait_DoutLow
                0x00000000800137d4                SearchRightFiberBottomEdge
                0x0000000080015d54                TimeoutToStopHoldMoto3
                0x000000008000f660                GetCachWinNum
                0x0000000080013e04                SearchRightFiberCenter
                0x000000008000f5a4                TSPI_Receive_Check
                0x00000000800159ec                DriveMotor
                0x0000000080015134                SearchWholeFiber
                0x0000000080019800                WeldDataInit
                0x0000000080012cc8                SearchLeftFiberFaceAndTopEdge
 .text          0x00000000800199f4      0x200 ../object/xpgPhotoFunc.o
                0x00000000800199f4                NonxpgPhotoView
                0x0000000080019a40                NonxpgEnterPhotoView
 .text          0x0000000080019bf4       0x94 ../../../libIPLAY/lib//libbios.a(exception.o)
                0x0000000080019c44                IntDisable
                0x0000000080019bf4                IntEnable
 .text          0x0000000080019c88      0xb38 ../../../libIPLAY/lib//libbios.a(agent.o)
                0x000000008001a70c                readChar
                0x000000008001a6f8                checkInput
                0x0000000080019d1c                writeWord
                0x000000008001a740                BreakPoint
                0x000000008001a4a4                Restart_AP
                0x000000008001a734                DpWord
                0x0000000080019d9c                readNibble
                0x000000008001a384                replyForLocalBreak
                0x000000008001a7a8                HandlerEnable
                0x000000008001a728                DpString
                0x0000000080019d74                writeCharWord
                0x0000000080019cec                writeString
                0x0000000080019e4c                readWord
                0x0000000080019cc0                writeCharByte
                0x000000008001a228                DebugPrintWord
                0x000000008001a57c                Exception
                0x0000000080019f60                getPacket
                0x000000008001a758                BadInstruction
                0x0000000080019ec4                readVariable
                0x0000000080019f0c                readWordBinary
                0x000000008001a268                singleStep
                0x000000008001a658                DebugPrint
                0x000000008001a6ec                writeChar
                0x000000008001a504                BreakHandler
                0x000000008001a7b4                IsGdbConnect
                0x0000000080019c88                writeByte
                0x000000008001a194                DebugPrintString
                0x000000008001a6b8                agentUartIntInfoChange
                0x0000000080019e14                readByte
                0x000000008001a74c                BreakHandlerIsrCallbackRegister
                0x000000008001a0ac                putPacket
 .text          0x000000008001a7c0     0x1a9c ../../../libIPLAY/lib//libbios.a(hal_Ckg.o)
                0x000000008001c1dc                Clock_Dma_tRP_Get
                0x000000008001ae4c                Clock_Dma_tWTR_Set
                0x000000008001c058                Dma_SecondaryPrioritySet
                0x000000008001b0f8                Clock_MemTypeGet
                0x000000008001be00                Dma_FdmaFifoTimingAdjust
                0x000000008001bef4                Dma_PriorityDefaultSave
                0x000000008001c244                Dma_BiuRequestSuspendSetting
                0x000000008001ae30                Clock_CpuClockSelGet
                0x000000008001b050                Clock_MemFreqGet
                0x000000008001b1c8                Clock_PllCfgSet
                0x000000008001adc8                Clock_CpuClockSelSet
                0x000000008001b168                Clock_IpuClockSelSet
                0x000000008001a7c0                calculatePllParam
                0x000000008001c148                Dma_FourthPrioritySet
                0x000000008001afec                Clock_MemClockSelSet4Pwdc
                0x000000008001c24c                Dma_BiuPghitCheckEnable
                0x000000008001b748                Clock_PllSprdSet
                0x000000008001c1c0                Clock_Dma_tWTR_Get
                0x000000008001ad04                Clock_CpuFreqGet
                0x000000008001aeb0                Clock_Dma_tRP_Set
                0x000000008001c214                Clock_MemClockSelGet
                0x000000008001bf50                Dma_FirstPrioritySet
                0x000000008001af78                Clock_MemClockSelSet
                0x000000008001c254                Clock_DllDelayTuning
                0x000000008001b38c                Clock_PllFreqSet
                0x000000008001b99c                Clock_PllSprdSetByFreq
                0x000000008001b2f8                Clock_PllCfgGet
                0x000000008001c0d0                Dma_ThirdPrioritySet
                0x000000008001c230                Clock_IpuClockSelGet
                0x000000008001ab4c                Clock_PllFreqGet
                0x000000008001c1f8                Clock_Dma_tRCD_Get
                0x000000008001be5c                Dma_PriorityDefault
                0x000000008001af14                Clock_Dma_tRCD_Set
 .text          0x000000008001c25c     0x1720 ../../../libIPLAY/lib//libbios.a(string.o)
                0x000000008001cbf0                mp_vsscanf
                0x000000008001d4e4                mp_strlen
                0x000000008001d454                mp_sscanf
                0x000000008001c25c                mp_vsprintf
                0x000000008001ca78                simple_mp_strtoul
                0x000000008001d480                mp_strcmp
                0x000000008001c894                simple_mp_strtoull
                0x000000008001d560                simple_mp_strtol
                0x000000008001c868                mp_sprintf
                0x000000008001d514                simple_mp_strtoll
 .text          0x000000008001d97c      0x66c ../../../libIPLAY/lib//libos.a(cosmos.o)
                0x000000008001db18                OsInit
                0x000000008001dc1c                ExceptionTagReister
                0x000000008001dbe0                ExceptionTagCheck
                0x000000008001d97c                IdleFuncRegister
                0x000000008001da60                IdleFuncRelease
                0x000000008001dcb4                ExceptionTagRelease
 .text          0x000000008001dfe8      0xed4 ../../../libIPLAY/lib//libos.a(task.o)
                0x000000008001e8b0                TaskTerminate
                0x000000008001e1f4                TaskInsert
                0x000000008001e278                TaskDequeue
                0x000000008001e3ac                TaskDeschedule
                0x000000008001e9bc                TaskSleep
                0x000000008001ebdc                TaskSetSleeping
                0x000000008001eeac                TaskTimeSchedulingInit
                0x000000008001ee3c                TaskContextDeactive
                0x000000008001eea4                TaskTimeSchedulingRegister
                0x000000008001dfe8                TaskContextActive
                0x000000008001ec38                TaskCancelSleeping
                0x000000008001e580                TaskReset
                0x000000008001e1bc                TaskPreempt
                0x000000008001e064                TaskInit
                0x000000008001e7d0                TaskStartupParamGet
                0x000000008001eca0                TaskYield
                0x000000008001ee88                TaskGetPriority
                0x000000008001eb0c                SleepingTaskTimeTick
                0x000000008001eeb4                TaskTimeSchedulingTimeTick
                0x000000008001ed8c                OsExchangeContext
                0x000000008001e980                TaskSetExitHandle
                0x000000008001ee68                TaskGetMe
                0x000000008001e448                TaskCreate
                0x000000008001ee74                TaskGetId
                0x000000008001ece0                TaskChangePriority
                0x000000008001ea50                TaskWakeup
                0x000000008001e2ac                TaskWithdraw
                0x000000008001e354                TaskSchedule
                0x000000008001ed3c                ContextUpdate
                0x000000008001e16c                TaskAppend
                0x000000008001e644                TaskStartup
                0x000000008001ee9c                TaskYieldById
                0x000000008001ee30                ContextStatusGet
 .text          0x000000008001eebc      0x21c ../../../libIPLAY/lib//libos.a(object.o)
                0x000000008001efd8                SemaphoreGetPoint
                0x000000008001ef10                ObjectAllocate
                0x000000008001f098                MessageGetPoint
                0x000000008001eebc                ObjectInit
                0x000000008001efb0                ObjectFree
                0x000000008001f018                EventGetPoint
                0x000000008001f058                MailboxGetPoint
 .text          0x000000008001f0d8      0x5d8 ../../../libIPLAY/lib//libos.a(event.o)
                0x000000008001f3e4                EventWaitWithTO
                0x000000008001f224                EventClear
                0x000000008001f5a8                EventPolling
                0x000000008001f688                EventWait
                0x000000008001f158                EventDestroy
                0x000000008001f0d8                EventCreate
                0x000000008001f28c                EventSet
 .text          0x000000008001f6b0      0x77c ../../../libIPLAY/lib//libos.a(mailbox.o)
                0x000000008001fa58                MailboxDestroy
                0x000000008001f980                MailGetBufferSize
                0x000000008001f720                TagDequeue
                0x000000008001f78c                MailPolling
                0x000000008001f7f0                MailTrack
                0x000000008001f924                MailGetBufferStart
                0x000000008001f890                MailRelease
                0x000000008001f740                MailboxInit
                0x000000008001fca0                MailboxReceive
                0x000000008001f9dc                MailboxCreate
                0x000000008001fb70                MailboxSend
                0x000000008001fd90                MailboxPolling
                0x000000008001f6b0                TagInsert
 .text          0x000000008001fe2c      0x8f0 ../../../libIPLAY/lib//libos.a(message.o)
                0x0000000080020604                MessageGrab
                0x000000008001ffac                RingBufferRead
                0x000000008001fe2c                RingCreate
                0x0000000080020138                MessageDestroy
                0x0000000080020098                MessageCreate
                0x0000000080020250                MessageSend
                0x000000008002048c                MessageReceiveWithTO
                0x00000000800203b4                MessageDrop
                0x000000008001fea8                RingBufferWrite
                0x00000000800206f8                MessageReceive
 .text          0x000000008002071c     0x1d04 ../../../libIPLAY/lib//libos.a(memory.o)
                0x0000000080020f94                User_mem_init
                0x0000000080020f00                mem_free_task_mem
                0x000000008002198c                ext_mem_get_free_space
                0x0000000080021714                MemLeakChk
                0x0000000080021b44                mem_mallocEx
                0x000000008002192c                ext_mem_calloc
                0x0000000080020d58                mem_free
                0x0000000080021070                ker_mem_reallocm
                0x0000000080021b64                ext_mem_callocEx
                0x00000000800209e8                mem_Zones
                0x00000000800208ac                pool_free_task_mem
                0x0000000080021a64                ext_mem_check
                0x0000000080021b14                mem_callocEx
                0x000000008002190c                ext_mem_malloc
                0x0000000080021a2c                ker_mem_free
                0x0000000080021bb4                MemoryAddressToInfo
                0x0000000080021bbc                mem_freeEx
                0x00000000800219cc                FreeTaskUserMem
                0x0000000080021ae4                SetDataCacheInvalid
                0x000000008002194c                ext_mem_free
                0x0000000080021aa4                mem_Relink
                0x0000000080021894                ext_mem_freeEx
                0x0000000080020b6c                mem_malloc
                0x00000000800219fc                ker_mem_init
                0x00000000800218ec                mem_get_free_space_total
                0x0000000080020fec                ker_mem_malloc
                0x0000000080020e0c                mem_reallocm
                0x000000008002120c                ker_mem_free_task_mem
                0x000000008002071c                pool_mem_free
                0x0000000080021ac4                ker_mem_Relink
                0x000000008002159c                MemPoolChk
                0x0000000080021170                ker_mem_get_free_space
                0x000000008002196c                ext_mem_reallocm
                0x0000000080020c64                mem_calloc
                0x0000000080020ee0                mem_get_free_space
                0x0000000080021494                MemLinkChk
                0x00000000800219ac                ext_mem_free_task_mem
                0x0000000080021a84                ker_mem_check
                0x0000000080021b94                ext_mem_mallocEx
                0x00000000800212bc                MemLinkRelink
 .text          0x0000000080022420     0x1170 ../../../libIPLAY/lib//libos.a(systimer.o)
                0x0000000080022504                SystemTimerResume
                0x00000000800226dc                SysTimerProcPause
                0x0000000080022774                SysTimerProcResume
                0x0000000080022a94                SysTimerProcResumeById
                0x0000000080022e04                SystemTimeCheck
                0x0000000080022c50                SystemTimeSecToDateConv
                0x00000000800231b0                bGetMaxDay
                0x0000000080022540                GetSysTime
                0x00000000800230c4                SystemGetTimeStamp
                0x0000000080023250                SystemTimeGet
                0x00000000800232b0                SystemTimeCompensatingVerify
                0x00000000800224c8                SystemTimerPause
                0x0000000080022574                SysTimerProcArgSet
                0x00000000800230e4                SystemTimerInit
                0x0000000080022a3c                SysTimerProcPauseById
                0x0000000080023138                LeapYearCheck
                0x000000008002281c                SysTimerProcReAdd
                0x0000000080023118                SysTimerProcAdd
                0x0000000080022af4                SysTimerProcArgSetById
                0x0000000080022f6c                SystemTimeAlarmSet
                0x00000000800229e0                SysTimerProcRemoveById
                0x0000000080022b58                SystemTimeDateToSecConv
                0x0000000080022624                SysTimerProcRemove
                0x0000000080023280                SystemTimeAlarmGet
                0x0000000080022f1c                SystemTimeSet
                0x0000000080023110                SystemTimerReInit
                0x0000000080023020                get_elapsed_timeL
                0x00000000800230b0                SysTimerStatusGet
                0x000000008002254c                SystemGetElapsedTime
                0x0000000080022fbc                get_cur_timeL
 .text          0x0000000080023590      0x3f8 ../../../libIPLAY/lib//libos.a(interrupt.o)
                0x0000000080023590                DmaIntHandleRegister
                0x0000000080023820                DmaIntHandleRelease
                0x0000000080023804                DmaIntDis
                0x00000000800237e8                DmaIntEna
                0x0000000080023840                SystemIntEna
                0x00000000800236cc                SystemInt
                0x0000000080023620                SystemIntHandleRegister
                0x000000008002385c                SystemIntDis
                0x0000000080023878                SystemIntHandleRelease
                0x0000000080023898                SystemIntInit
 .text          0x0000000080023988     0x12cc ../../../libIPLAY/lib//libMcard.a(mcard.o)
                0x0000000080024758                Mcard_GetDeviceNum
                0x00000000800246d0                GetMcardDevTag4Usb
                0x0000000080023c9c                Mcard_DeviceInit
                0x00000000800247d0                Mcard_GetSectorSize
                0x0000000080024244                CardFatalErrorNotify
                0x0000000080023c58                Mcard_CurCardIDGetLun
                0x0000000080024854                Mcard_GetDetected
                0x00000000800248a4                Mcard_DeviceLunSet
                0x0000000080024984                IspRead
                0x0000000080024a1c                RegisterCardDetectCB
                0x0000000080024818                Mcard_GetAllFlagPresent
                0x0000000080023db4                Mcard_DeviceAsyncRawFormat
                0x0000000080023d28                Mcard_DeviceAsyncWait
                0x0000000080023b64                McardIsr
                0x0000000080024768                Mcard_GetCapacity
                0x00000000800246dc                DmaMcardIsr
                0x00000000800247f4                Mcard_GetFlagPresent
                0x00000000800249b8                IspWrite
                0x0000000080023988                Mcard_Init
                0x0000000080023cfc                Mcard_DeviceAsyncProgress
                0x0000000080023cd4                Mcard_DeviceRead
                0x0000000080024a28                RegisterCardFatalErrorCB
                0x0000000080024718                Mcard_GetDevice
                0x0000000080024880                Mcard_GetCardSubtype
                0x000000008002478c                Mcard_CurLunGetCardID
                0x0000000080024a3c                McardCardDetectionEnable
                0x0000000080024828                Mcard_GetFlagReadOnly
                0x00000000800248fc                Mcard_DeviceRemove
                0x0000000080023f9c                Mcard_DeviceAsyncWrite
                0x000000008002495c                Mcard_DeviceWrite
                0x0000000080023e58                Mcard_DeviceAsyncRead
                0x0000000080024734                Mcard_GetDescriptor
                0x00000000800248c0                Mcard_DeviceClkConfig
                0x00000000800240c4                IspGetInfo
                0x00000000800249ec                IspBlockIsBad
                0x00000000800247ac                Mcard_GetRenewCounter
                0x000000008002414c                IspEraseBlk
                0x0000000080024934                Mcard_DeviceRawFormat
                0x0000000080024698                Mcard_TypeSDCard
                0x0000000080024a34                McardBootUpPowerOff
 .text          0x0000000080024c54     0x48f8 ../../../libIPLAY/lib//libMcard.a(NandFTL.o)
                0x0000000080024f1c                NandFtlInit
                0x0000000080024c54                ftlGenLogicalAddr
                0x00000000800256a0                NandGetWLInfoSize
                0x00000000800254c0                NandInit
                0x00000000800255f4                NandGetWLInfo
                0x000000008002553c                NandSetWLInfo
                0x0000000080025698                DumpFTLTables
                0x00000000800256c8                NandWLInfoUpdate
                0x0000000080024c84                NandFTLInfoInit
                0x0000000080025664                NandIspInit
 .text          0x000000008002954c     0x2a6c ../../../libIPLAY/lib//libMcard.a(NandPhyAdv_Mp650.o)
                0x000000008002a118                GetNandGeometry
                0x0000000080029a60                NandPageWrite
                0x0000000080029d40                badBlockMarkFirst
                0x0000000080029668                NandPageRead
                0x000000008002a2b8                BootPageCheck
                0x000000008002a500                NandInfoDump
                0x000000008002a160                McardNandActive
                0x000000008002ad28                getNandInfo
                0x000000008002ab08                NandFTLEccCheck
                0x000000008002a24c                McardNandInactive
                0x000000008002a0e0                GetNandAvailEccBit
                0x000000008002a048                NandBlockErase
                0x0000000080029e40                badBlockMarkLast
                0x00000000800295ec                CheckSpareContent
                0x0000000080029c90                NandPageCopy
                0x000000008002a5d4                NandIdentify
                0x0000000080029f48                badBlockMark
                0x000000008002954c                GetNandLogAddr
 .text          0x000000008002bfb8     0x1884 ../../../libIPLAY/lib//libMcard.a(SD.o)
                0x000000008002c2e8                SdInit
                0x000000008002c27c                SdProgChk
                0x000000008002bfb8                ParsingSCR
                0x000000008002c370                DetermineSDSlotType
 .text          0x000000008002d83c      0x968 ../../../libIPLAY/lib//libMcard.a(SdPhy_Mp650.o)
                0x000000008002dc88                SdHost_PhyTransfer
                0x000000008002de14                McardSdFreeDataPin
                0x000000008002d83c                SdHost_WaitCardResponse
                0x000000008002df74                SdHost_DataConfig
                0x000000008002dd9c                SdHost_GetResponse
                0x000000008002df3c                McardSdInactive
                0x000000008002df28                SdHost_SetHostBlkLen
                0x000000008002de74                McardSdActive
                0x000000008002d978                SdHost_WaitTransfer
                0x000000008002db80                SdHost_SendCmd
                0x000000008002ddec                SdHost_DmaReset
 .text          0x000000008002e1a4      0xa80 ../../../libIPLAY/lib//libMcard.a(Uti.o)
                0x000000008002eb14                McardPduDisable
                0x000000008002e2ec                GeneratePLLClockTab
                0x000000008002eaa0                McardHwConfig
                0x000000008002e6c4                McardPowerPinConfig
                0x000000008002eb0c                SDPin_Data_Get
                0x000000008002e264                Mcard_TaskYield
                0x000000008002e4a0                SetSD2Clock
                0x000000008002e2cc                CalValue2Exp
                0x000000008002ea04                McardPduEnable
                0x000000008002eadc                SdHost_GetCardWP
                0x000000008002e1a4                MemDump
                0x000000008002e874                McardPowerOff
                0x000000008002e4fc                McardSelect
                0x000000008002e3d8                GetMcardClock
                0x000000008002e5e4                McardDeselect
                0x000000008002ead4                SDPin_WP_Get
                0x000000008002e440                SetMcardClock
                0x000000008002e70c                McardPowerOn
 .text          0x000000008002ec24      0x120 ../../../libIPLAY/lib//libMcard.a(NandIdIdentify.o)
                0x000000008002ec24                NandIdPaserFunInit
 .text          0x000000008002ed44     0x3fac ../../../libIPLAY/lib//libfile.a(dir.o)
                0x0000000080031c00                NextNode
                0x0000000080031f9c                GetDeletedNode
                0x0000000080032098                DirNext
                0x000000008002eeac                PathAPI__MakeDir
                0x0000000080032260                DirLast
                0x000000008002ed44                PathAPI__Cd_Path
                0x0000000080032bc0                RestoreDirNodePosition
                0x0000000080032978                Unlink
                0x0000000080032c90                GetRootDirSize
                0x000000008002fa78                MakeDir
                0x0000000080031440                DeleteAllContentWithinDir
                0x0000000080031fe8                DirFirst
                0x000000008002f25c                PathAPI__RemoveDir_UTF16
                0x0000000080031cf0                GetNewNode
                0x00000000800316e0                DirCaching
                0x00000000800328c4                FdbCopy
                0x0000000080031dd0                NextDeletedNode
                0x000000008003211c                DirPrevious
                0x000000008002f5c8                PathAPI__GetEntriesCountInDir_UTF16
                0x0000000080031ad8                FirstNode
                0x000000008002edf8                PathAPI__Cd_Path_UTF16
                0x000000008002ef6c                PathAPI__MakeDir_UTF16
                0x000000008003056c                MakeDir_UTF16
                0x000000008002f760                UpdateChain
                0x000000008002f818                CdSub
                0x0000000080031254                DeleteDir
                0x0000000080031814                FileDirCaching
                0x00000000800322d4                ScanFileName
                0x0000000080032b20                SaveCurrentDirNodePosition
                0x0000000080031944                DirReset
                0x000000008002f430                PathAPI__GetEntriesCountInDir
                0x00000000800325bc                LongNameCopy
                0x00000000800315b0                DirCaching_for_DirChain
                0x0000000080031b5c                PreviousNode
                0x000000008002f02c                PathAPI__RemoveDir
                0x0000000080031db8                CheckDeletedCount
                0x000000008002f98c                CdParent
 .text          0x0000000080032cf0     0x2298 ../../../libIPLAY/lib//libfile.a(chain.o)
                0x00000000800341a0                ChainWrite
                0x0000000080033118                ChainSeekSet
                0x0000000080032cf0                SectorClear
                0x0000000080033298                ChainSeekForward
                0x0000000080034508                ChainFragmentWrite
                0x0000000080032ef8                LoadAlien16
                0x0000000080033b80                ChainExtending
                0x0000000080032e40                LoadUnalign16
                0x00000000800346fc                ChainFree
                0x0000000080032f4c                SaveAlien16
                0x0000000080032e94                LoadUnalign32
                0x0000000080033074                Is_ChainPoint_EOC_and_At_Boundary
                0x000000008003356c                ChainSeek
                0x0000000080033674                ChainChangeSize
                0x0000000080032fa0                SaveAlien32
                0x0000000080034d10                GetChainTotalSizeByTraverseFatTable
                0x0000000080034030                ChainRead
                0x00000000800348dc                ChainFreeToReserveStartCluster
                0x0000000080034354                ChainFragmentRead
                0x0000000080033d4c                ChainGetContinuity
                0x0000000080033f4c                ChainGetLba
                0x00000000800349d0                ChainCopy
                0x0000000080032dec                ChainInit
                0x0000000080033000                LoadAlienArray16
                0x0000000080033168                ChainSeekEnd
 .text          0x0000000080034f88     0x444c ../../../libIPLAY/lib//libfile.a(drive.o)
                0x0000000080035cdc                DriveTotalSizeGet
                0x0000000080035b70                DriveFreeClustersCountGet
                0x0000000080035978                DriveChange
                0x0000000080035764                SingleDriveDelete
                0x0000000080035c6c                DriveSetcorSizeGet
                0x0000000080035d50                DriveNewClusGet
                0x0000000080036674                DriveRead
                0x0000000080038184                Read_AllocBitmapEntry
                0x0000000080035f2c                QuickFormat
                0x0000000080035ae0                DriveCountUpdate
                0x0000000080036198                DriveRefresh
                0x0000000080037708                GetDrvPartitionInfoFromMBR
                0x000000008003641c                DriveWrite
                0x0000000080037c9c                DumpDevPartitionTableFromMBR
                0x000000008003828c                Set_AllocBitmapEntry
                0x0000000080035c18                DriveFreeSizeGet
                0x00000000800383e8                DriveCurIdGet
                0x00000000800354c8                DriveDelete
                0x0000000080035a50                DriveGet
                0x0000000080034f88                DriveHandleCopy
                0x000000008003802c                SetDrvPresentFlag
                0x00000000800350d4                DriveAdd
                0x0000000080035028                FileSystemInit
                0x00000000800383f4                DriveCountGet
                0x0000000080036880                FatCaching
                0x0000000080037688                RenewAllDrv
 .text          0x00000000800393d4     0xc260 ../../../libIPLAY/lib//libfile.a(file.o)
                0x000000008004064c                GetFilenameOfCurrentNode
                0x0000000080045020                FreeFileHandleCountGet
                0x0000000080043304                GetMovieFileStatistics
                0x000000008003b08c                PathAPI__GetFileAttributeAndTimeInfo
                0x000000008003dc08                EndOfFile
                0x000000008003dd4c                FilePosGet
                0x000000008003aca8                PathAPI__CreateFile_UTF16
                0x000000008003da04                DeleteFile
                0x000000008003ee9c                FileSearch
                0x000000008003af80                PathAPI__RemoveFile_UTF16
                0x000000008003db94                SeekSet
                0x000000008004363c                FileSetDate_for_FATxx
                0x000000008003b650                RamFileAlloc
                0x0000000080044b50                Test_CreateFolder_UTF16
                0x000000008003dd58                FileSizeGet
                0x00000000800436a0                FileSetTime_for_FATxx
                0x0000000080041d34                BuildNewFDB
                0x00000000800432ac                GetAudioFileStatistics
                0x000000008003b4ac                FileOpen
                0x000000008003ba60                FileForceSync
                0x000000008003b73c                FileClose
                0x00000000800442f4                Test_OpenFileByNameForRead
                0x000000008003cd84                CreateFile_UTF16
                0x000000008004343c                Segmentize
                0x0000000080041b18                BuildNewLName
                0x0000000080044c1c                Test_File_NonAlignedBuffer_DMA_WrongDataIssue
                0x00000000800428bc                DirectoryCopy
                0x000000008003fe2c                FileExtRename
                0x0000000080043254                GetImageFileStatistics
                0x00000000800444ec                Test_CreateAndWriteFileByName
                0x00000000800436f8                SetCurFileSortingBasis
                0x000000008003bc88                BuildNewAsciiFilename
                0x000000008003aa94                PathAPI__CreateFile
                0x000000008003dc84                Fseek
                0x0000000080041184                GetFileAttributeAndTimeInfoFromFDB
                0x000000008003b2c4                PathAPI__GetFileAttributeAndTimeInfo_UTF16
                0x000000008003a584                PathAPI__Fopen
                0x0000000080041ffc                FileCopy
                0x0000000080041754                Locate_DirEntryNode_of_SearchInfo
                0x00000000800404d0                FileGetLongName
                0x000000008003ec80                FileSearchLN
                0x000000008003bb70                File_ReleaseSpace_For_OverwriteContent
                0x000000008003b978                FileClose_NoWriteBack
                0x000000008003eb7c                FileGetMediaType
                0x0000000080041514                FileListOpen
                0x000000008004491c                Test_CreateAndWriteFileByName_UTF16_WriteBufferData
                0x000000008004335c                GetFreeFileHandle
                0x00000000800393d4                StreamInit
                0x00000000800435c0                FileGetTime_for_FATxx
                0x000000008003e6e4                FileChain_AdjustSize_TrimExtraClusters
                0x00000000800403cc                FileSort
                0x0000000080042fac                DriveCopyAllFiles
                0x000000008003c270                CreateFile
                0x0000000080039448                PathAPI__Locate_Path
                0x0000000080041a58                FillUniNumber
                0x000000008003f258                FileExtSearch
                0x000000008003e170                FileWrite_withWriteBack_FileSize
                0x0000000080041430                DeleteFileOrFolderOfCurrentFDB
                0x000000008003ae74                PathAPI__RemoveFile
                0x0000000080039c84                PathAPI__Locate_Path_UTF16
                0x0000000080040e4c                GetAsciiShortFilenameOfCurrentNode
                0x0000000080044160                CheckSpaceIfEnough
                0x00000000800437a0                QuickSort
                0x000000008003dd64                FileWrite
                0x000000008004353c                FileGetDate_for_FATxx
                0x0000000080044660                Test_CreateAndWriteFileByName_UTF16
                0x000000008003dac0                Seek
                0x000000008003a818                PathAPI__Fopen_UTF16
                0x00000000800447b4                Test_CreateAndWriteFileByName_WriteBufferData
                0x000000008003fb74                FileExtSearchOpen
                0x0000000080044a64                Test_CreateFolder
                0x000000008003e888                FileRead
                0x0000000080045030                GetCurFileSortingBasis
                0x0000000080045014                FileUiUpdateIconAniFunPtrRegister
 .text          0x0000000080045634     0x308c ../../../libIPLAY/lib//libfile.a(Format.o)
                0x0000000080045634                Fat32_Format
                0x000000008004637c                Drive_Formatting
                0x0000000080046444                DiskPartitioning_WithMaxTwoPartitions
                0x0000000080045f48                Fat12_Format
                0x00000000800468ac                CreateNewDiskPartition
                0x0000000080045afc                Fat16_Format
 .text          0x00000000800486c0     0x186c ../../../libIPLAY/lib//libfile.a(filebrowser.o)
                0x0000000080049f20                fbrowser_xpgChangeDriveFunctionRegister
                0x0000000080049710                FileBrowserGetCurIndex
                0x0000000080049cf4                FileBrowserDeleteFile
                0x0000000080049910                FileGetSearchInfo
                0x00000000800492a8                FileBrowserSearchNextAudio
                0x0000000080048728                FileBrowserGetCurDrive
                0x000000008004989c                FileBrowserGetCurFileType
                0x0000000080048f28                FileBrowserGetFileName
                0x0000000080049f14                fbrowser_xpgUpdateIconAniFunctionRegister
                0x000000008004881c                FileBrowserInitExtArray
                0x00000000800486c0                FileBrowserResetFileList
                0x0000000080049828                FileBrowserGetFileType
                0x00000000800496e0                FileBrowserGetTotalFile
                0x0000000080048d50                FileBrowserListAllFileName
                0x000000008004877c                FileBrowserCheckCurDrive
                0x000000008004956c                FileListSetCurIndex
                0x0000000080048c7c                FileBrowserScanFileList
                0x000000008004937c                FileBrowserSearchNextImage
                0x00000000800488cc                DoSearch
                0x0000000080048a98                FileChangeDirAndResearch
                0x0000000080049988                FileGetCurSearchInfo
                0x0000000080049f08                fbrowser_xpgClearCatchFunctionRegister
                0x0000000080049618                FileListAddCurIndex
                0x00000000800499b0                FileBrowserCopyFile
                0x0000000080049740                FileGetCurLyricInfo
                0x00000000800494d4                FileBrowser_GetCurImageFile
 .text          0x0000000080049f2c     0x1464 ../../../libIPLAY/lib//libperipheral.a(hal_gpio.o)
                0x000000008004a268                Gpio_ValueGet
                0x000000008004afe8                Gpio_Config2GpioFunc
                0x000000008004a7bc                Gpio_IntConfigGet
                0x000000008004ae68                GetGPIOPinIndex
                0x0000000080049f2c                Gpio_DefaultSettingSet
                0x000000008004a298                Gpio_ConfiguraionSet
                0x000000008004a444                Gpio_ConfigurationGet
                0x000000008004a0bc                Gpio_DataSet
                0x000000008004a90c                Gpio_IntEnable
                0x000000008004a570                Gpio_IntInit
                0x000000008004b040                Gpio_GpioInstallStatus
                0x000000008004a4e0                Gpio_DirectionGet
                0x000000008004a1a4                Gpio_DataGet
                0x000000008004af60                GetGpioIntIndexByGpioPinNum
                0x000000008004ad5c                QuickGetGPIOValue
                0x000000008004a9c4                Gpio_IntDisable
                0x000000008004aaec                SetGPIOValue
                0x000000008004a6c4                Gpio_IntConfig
                0x000000008004a8a0                Gpio_IntCallbackFunRegister
                0x000000008004ac0c                GetGPIOValue
 .text          0x000000008004b390      0xd84 ../../../libIPLAY/lib//libperipheral.a(hal_mmcp.o)
                0x000000008004b8c8                mmcp_block_polling
                0x000000008004b894                mmcp_block
                0x000000008004b454                mmcp_memcpy_polling
                0x000000008004b414                mmcp_memcpy
                0x000000008004b838                mmcp_memset
                0x000000008004b6c4                mmcp_memset_u32
 .text          0x000000008004c114      0xcf4 ../../../libIPLAY/lib//libperipheral.a(hal_rtc.o)
                0x000000008004c1fc                RTC_AlarmEnableSet
                0x000000008004ccec                RTC_LowPowerEnable
                0x000000008004cb0c                RTC_SetExt0
                0x000000008004cd24                RTC_ReadCount
                0x000000008004ccfc                RTC_ReadAlarm
                0x000000008004c114                RTC_AlarmSet
                0x000000008004cd38                RTC_SetReservedCount
                0x000000008004c654                RTC_SecCountToleranceAdj
                0x000000008004cd10                RTC_ReadExt0
                0x000000008004c950                RTC_SetExt1
                0x000000008004c534                RTC_AlarmIeEnableSet
                0x000000008004c468                RTC_RAlarmModeSet
                0x000000008004ccf4                RTC_InternalLdoEnable
                0x000000008004cd44                RTC_ReadReservedCount
                0x000000008004ccc8                RTC_RegisterRtcIsrCallback
                0x000000008004c39c                RTC_AlarmOutSet
                0x000000008004c78c                RTC_SetCount
 .text          0x000000008004ce08      0x534 ../../../libIPLAY/lib//libsystem.a(SystemConfig.o)
                0x000000008004d2d8                SystemGetStatus
                0x000000008004ce40                DriveIndex2PhyDevID
                0x000000008004d144                SystemPanelPixelClockGet
                0x000000008004d2bc                SystemClearStatus
                0x000000008004d2f0                SystemClearErrMsg
                0x000000008004d2a0                SystemSetStatus
                0x000000008004d250                SystemPanelSizeGet
                0x000000008004d0f8                SystemSetErrEvent
                0x000000008004cf38                DeviceIndex2DrvName
                0x000000008004d2fc                SystemSetErrMsg
                0x000000008004ce08                PhyDevID2DriveIndex
                0x000000008004ce7c                DriveName2DrvIndexID
                0x000000008004cf78                SystemConfigInit
                0x000000008004cef4                DriveIndex2DrvName
 .text          0x000000008004d33c      0x438 ../../../libIPLAY/lib//libsystem.a(SystemMemory.o)
                0x000000008004d660                SystemGetMemAddr
                0x000000008004d33c                SystemMemoryMapInit
                0x000000008004d6bc                SystemSetMemSize
                0x000000008004d69c                SystemGetMemSize
                0x000000008004d600                SystemMemoryAllocAlignDW
                0x000000008004d680                SystemSetMemAddr
 .text          0x000000008004d774      0x7d0 ../../../libIPLAY/lib//libsystem.a(SystemDrive.o)
                0x000000008004df04                SystemCardDetectCtrlMode
                0x000000008004d9b0                SystemCardFatalErrorEventSet
                0x000000008004dd7c                SystemDeviceInit
                0x000000008004dc3c                SystemCardPresentCheck
                0x000000008004daa0                SystemCardEvent2DrvIdGet
                0x000000008004db9c                SystemCardOutCheck
                0x000000008004dde0                SystemDeviceRemove
                0x000000008004df30                SystemCardCtrlModeGet
                0x000000008004dbdc                SystemCardPlugInCheck
                0x000000008004dc9c                SystemCardSubtypeGet
                0x000000008004ded8                SystemCardProtectCtrlMode
                0x000000008004dea4                SystemCardExceptionRegister
                0x000000008004de44                SystemGetFlagReadOnly
                0x000000008004dd0c                SystemDeviceRawFormat
                0x000000008004d85c                SystemCardEventSet
                0x000000008004df3c                SystemCardStatusPollingEnable
 .text          0x000000008004df44     0x10c8 ../../../libIPLAY/lib//libsystem.a(global612.o)
                0x000000008004eb04                PollWord
                0x000000008004e910                U32CharToU8Buff
                0x000000008004edb8                UTF8ToDCharS2
                0x000000008004ec24                isUTF8Style2
                0x000000008004edb0                UTF8ToDCharS1
                0x000000008004eb74                _PollRegister32
                0x000000008004ea54                ScalerClockReduce
                0x000000008004e474                GetRelativeMs
                0x000000008004ec9c                isUTF8Style4
                0x000000008004ed48                isUTF8Style6
                0x000000008004eacc                PollByte
                0x000000008004ec14                isUTF8Style1
                0x000000008004e508                Polling_Event
                0x000000008004ebf4                SystemExceptionInit
                0x000000008004e4a8                SystemPollingEventIdSet
                0x000000008004e600                U8BuffToU32Char
                0x000000008004ea24                SystemChkChipVer
                0x000000008004ec58                isUTF8Style3
                0x000000008004ee18                UTF8ToDCharS5
                0x000000008004edec                UTF8ToDCharS4
                0x000000008004eb3c                PollDWord
                0x000000008004ebb4                _BusyPollRegister32
                0x000000008004ee54                UTF8ToDCharS6
                0x000000008004e4c8                SystemPollingEventHandlerRegister
                0x000000008004df44                GetSystemErrMsg
                0x000000008004ea90                ScalerClockReset
                0x000000008004edcc                UTF8ToDCharS3
                0x000000008004ecec                isUTF8Style5
 .text          0x000000008004f00c     0x229c ../../../libIPLAY/lib//libsystem.a(ISP_Nand.o)
                0x0000000080050858                IspFunc_WriteFST
                0x000000008004f2a8                NandIspGetStartAddr
                0x0000000080050758                ISP_NandInit
                0x000000008004f00c                checkNandIspRegion
                0x000000008004ff1c                NandEraseFatArea
                0x0000000080050374                NandCodeBackup
                0x000000008004f178                ISP_NandBlockRegister
                0x000000008004fb50                IspFunc_GetMPAPSize
                0x00000000800507ac                IspFunc_ReadAP
                0x000000008004f24c                UnRegisterNandIspBlock
                0x000000008005082c                IspFunc_ReadUST
                0x000000008005004c                NandCodeCheck
                0x00000000800507f4                IspFunc_WriteUST
                0x000000008005074c                ISP_SetNandReservedSize
                0x0000000080050740                ISP_GetNandReservedSize
                0x0000000080050888                IspFunc_ReadFST
                0x000000008004fc4c                IspFunc_GetRESOURCESize
                0x000000008004f15c                xpgDumpNandIspBlock
                0x000000008004f50c                IspFunc_ReadMPAP
                0x00000000800507d0                IspFunc_ReadRES
                0x00000000800508b4                NandEraseAll
                0x000000008004f7a0                IspFunc_ReadRESOURCE
                0x000000008005078c                IspFunc_Read
                0x000000008004f448                IspFunc_Write
                0x000000008004f2e0                NandIspRealRead
                0x000000008004fdf0                NandEraseCodeArea
 .text          0x00000000800512a8      0x2b4 ../../../libIPLAY/lib//libsystem.a(McardDevInfo.o)
                0x00000000800512a8                McardDevInfoStore
                0x0000000080051450                McardDevInfoLoad
 .text          0x000000008005155c      0xce0 ../../../libIPLAY/lib//libsystem.a(SetTabFunc.o)
                0x0000000080051df8                Sys_SettingTableDump
                0x0000000080051ba8                Sys_SettingTablePut
                0x000000008005193c                Sys_SettingTableClose
                0x0000000080051a10                Sys_SettingTableGet
                0x0000000080051e18                Sys_SettingTableClean
                0x000000008005155c                Sys_SettingTableOpen
 .text          0x000000008005223c       0x2c ../../lib//libui.a(uigpio.o)
                0x0000000080052258                Ui_UsbdSetMode
                0x000000008005224c                Ui_GetKey
                0x0000000080052260                Ui_UsbdDetectEvent
                0x000000008005223c                Ui_SetKey
 .text          0x0000000080052268      0x8a4 ../../lib//libui.a(uiTouchCtrller.o)
                0x0000000080052320                TouchCtrllerInit
                0x0000000080052ad8                touchSprite_List
                0x0000000080052350                uiTouchMsgReceiver
                0x0000000080052ac0                touchSprite_Title
                0x00000000800523d8                touchSprite_Icon
                0x0000000080052268                TouchCtrllerCalProcess
                0x0000000080052b04                touchSprite_Dialog
                0x0000000080052ab8                touchSprite_Mask
                0x0000000080052ab0                touchSprite_DarkIcon
                0x000000008005291c                uiDispatchTouchSprite
                0x0000000080052650                touchSprite_CloseIcon
                0x0000000080052a7c                uiTouchCtrllerCallback
                0x0000000080052ad0                touchSprite_Text
                0x0000000080052aa8                touchSprite_LightIcon
                0x00000000800524ec                touchSprite_BackIcon
                0x00000000800526d8                touchSprite_Selector
                0x0000000080052ac8                touchSprite_Aside
                0x0000000080052aa0                touchSprite_Background
 .text          0x0000000080052b0c     0x2948 ../../../libIPLAY/lib//libdisplay.a(idu.o)
                0x00000000800550b0                Idu_Chg_422_Mode
                0x00000000800535dc                Idu_ClockInit
                0x0000000080053f58                Idu_DTD_VG_Off
                0x00000000800531b4                ImgDisplayON
                0x0000000080053ec8                Idu_InternalATCONInit
                0x000000008005303c                Idu_WinDmaInit
                0x00000000800553cc                MP650_FPGA_Change_DMA_Priority_IDU
                0x0000000080053ffc                Idu_DTDOff
                0x00000000800553ec                MP650_Set_DMA_Request_Limit
                0x0000000080055444                IDU_Show_Original_Color
                0x0000000080055214                Idu_Bypass2DMA
                0x0000000080052b0c                Idu_ChgWin
                0x0000000080053218                Idu_DisplayON
                0x00000000800547b8                DmaIduIsr
                0x0000000080053f38                Idu_DTD_VG_On
                0x000000008005338c                Idu_DisplayOff
                0x0000000080053edc                Idu_SetDACClk
                0x0000000080054024                Idu_RGB24ModeInit
                0x000000008005313c                Idu_ChkBusWidth
                0x00000000800550bc                Idu_GetIs444Mode
                0x0000000080053ed0                Idu_GetDtdRegSetting
                0x00000000800550a0                Idu_Chg_444_Mode
                0x0000000080053410                Idu_TableSearch
                0x0000000080054c7c                Idu_SetContrastBrightness
                0x0000000080053f78                Idu_DTDInit
                0x0000000080055378                Idu_SetCSC
                0x0000000080054420                IduInit
                0x0000000080053b84                Idu_InternelTCONInit
                0x00000000800550c8                Idu_DMA2Bypass
                0x0000000080055408                IDU_Show_BG_Color_Black
                0x0000000080054608                DisplayInit
                0x0000000080052f54                Idu_WaitBufferEnd
 .text          0x0000000080055454      0xeb4 ../../../libIPLAY/lib//libdisplay.a(osd.o)
                0x0000000080055a1c                Idu_OsdSetPalette
                0x0000000080055454                Idu_OSDWinInit
                0x0000000080055ecc                Idu_OsdPutChar_1X
                0x00000000800554a0                Idu_OsdDMAInit
                0x0000000080055ad8                Idu_OsdPutRectangle
                0x0000000080055a70                Idu_OsdOnOff
                0x0000000080055928                Idu_OsdPutStrWithSize
                0x0000000080055630                Idu_OsdDMAOn
                0x0000000080055c1c                Idu_OsdPutChar_4X
                0x00000000800559d0                Idu_GetOsdWin
                0x0000000080055bac                Idu_OSDInit
                0x0000000080055aa0                Idu_OsdErase
                0x00000000800561e0                Idu_OsdDrawBar
                0x000000008005597c                Idu_OSDPrint
                0x00000000800559f4                Idu_OsdSetDefaultPalette
 .text          0x0000000080056308      0x2e8 ../../../libIPLAY/lib//libdisplay.a(osd4.o)
                0x0000000080056360                Idu_OsdChangeBlending
                0x00000000800563c8                Idu_OsdPaintArea
                0x0000000080056308                Idu_OsdPaletteInit
                0x0000000080056564                Idu_OsdPaintVColorBar
 .text          0x00000000800565f0      0x51c ../../../libIPLAY/lib//libdisplay.a(fontdisp.o)
                0x0000000080056acc                IduFontGetBlankWidth
                0x000000008005689c                OsdFontGetFontAlignment
                0x0000000080056814                IduFontIsNewTabFont
                0x0000000080056878                IduFontGetFontAlignment
                0x00000000800568dc                IduFontGetMaxHeight
                0x0000000080056780                OsdFontGetBitPerPixel
                0x0000000080056900                OsdFontGetMaxHeight
                0x000000008005673c                GetOsdFontDataStartAddress
                0x000000008005674c                IduFontGetBitPerPixel
                0x00000000800566dc                SetCurrIduFontID
                0x0000000080056838                OsdFontIsNewTabFont
                0x000000008005672c                GetIduFontDataStartAddress
                0x0000000080056adc                OsdFontGetBlankWidth
                0x0000000080056704                SetCurrOsdFontID
                0x0000000080056a2c                IduFontGetCharBitmapAddr
                0x0000000080056600                GetCurrOsdFontID
                0x00000000800565f0                GetCurrIduFontID
                0x0000000080056a7c                IduFontGetCharWidth
                0x0000000080056a54                OsdFontGetCharBitmapAddr
                0x0000000080056aec                FontInit
 .text          0x0000000080056b0c     0x1728 ../../../libIPLAY/lib//libdisplay.a(imgWin.o)
                0x0000000080056f58                WinToWin
                0x00000000800577fc                PaintAllColorBar
                0x0000000080057c3c                PaintHColorBar
                0x00000000800572bc                Idu_PaintWin
                0x00000000800571a0                ImgPaintArea
                0x0000000080057860                PaintGrayScaleColorBar
                0x0000000080056e28                Idu_GetCurrWin
                0x0000000080057008                WinCopy
                0x0000000080057e5c                PaintMixColorBar
                0x00000000800575f8                PaintVColorBar
                0x0000000080056d0c                RGB2RGB888
                0x0000000080057438                Idu_PaintWinData
                0x000000008005736c                Idu_GetWinData
                0x0000000080056d8c                InitWins
                0x0000000080056e60                Idu_GetNextWin
                0x0000000080056b0c                RGB2YUV
                0x0000000080056f20                Idu_ResetWinClipRegion
                0x0000000080057270                ImgSetPoint
                0x0000000080056e98                Idu_SetWinClipRegion
                0x0000000080057504                Idu_PaintWinArea
                0x0000000080056d2c                RGB2RGB565
                0x0000000080056c0c                RGB2YVU
                0x0000000080056d50                ImgWinInit
 .text          0x0000000080058234      0x9c0 ../../../libIPLAY/lib//libdisplay.a(imgString.o)
                0x0000000080058a10                ImgPutChar
                0x0000000080058244                ChangeFontSize2Nonfix
                0x0000000080058234                ChangFontSize2Fix
                0x0000000080058a34                Idu_GetSystemFontColor
                0x0000000080058ad4                Idu_FontColorSet
                0x0000000080058250                ImgPutChar_GrayFont
                0x0000000080058ac8                Idu_SetFontYUV
                0x0000000080058a84                Idu_SetFontColor
                0x0000000080058a40                Idu_GetFontColor
                0x0000000080058b00                Idu_PrintStringWithSize
 .text          0x0000000080058bf4      0x3e0 ../../../libIPLAY/lib//libdisplay.a(Font.o)
                0x0000000080058e4c                Font_Draw_OSD
                0x0000000080058bf4                Str_Length
                0x0000000080058c7c                Font_Draw
 .text          0x0000000080058fd4     0x4d88 ../../../libIPLAY/lib//libdisplay.a(scaler_650.o)
                0x0000000080058fd4                Set_Bypass_Overlay_Param
                0x000000008005bab0                image_scale_mjpg_bypass
                0x000000008005d9ec                Auto_Chase_Scaling
                0x000000008005b880                image_scale_mpv2mem
                0x00000000800591e4                ipu_reset
                0x0000000080058fe4                Clear_Bypass_Overlay_Param
                0x000000008005c798                ipu_overlay_650_blend
                0x0000000080058ffc                MP650_FPGA_Change_DMA_Priority_IPU
                0x000000008005ced0                Bypass_Overlay
                0x000000008005d794                image_scale
                0x000000008005ce10                image_overlay
                0x000000008005b36c                image_scale_mpv_bypass
                0x000000008005dd44                Bypass_Show_WallPaper
                0x000000008005c510                image_scale_non_filter
                0x000000008005a868                ipu_overlay_bypass_scale_650
                0x0000000080059574                ScalerIsr
                0x000000008005dd2c                Bypass_Overlay_Show_Main_Win
                0x000000008005964c                SetScaleForZoom
                0x0000000080058ff0                GetScalerPara
 .text          0x000000008005dd5c      0x6c4 ../../../libIPLAY/lib//libdisplay.a(hal_ipu.o)
                0x000000008005e17c                Ipu_SetBlackWitheEffect
                0x000000008005de88                Ipu_Crayon
                0x000000008005e338                Ipu_SetSpecialFumc
                0x000000008005e070                Ipu_SetBrightness
                0x000000008005dfec                Ipu_SetEdgeFumc
                0x000000008005e0f8                Ipu_SetCbCrOffset
                0x000000008005e3a0                Ipu_SetYGammaTable
                0x000000008005dd5c                Ipu_SetHueSaturation
                0x000000008005e12c                Ipu_SetIpuGlobalEnable
                0x000000008005df50                Ipu_SetAutoEdgeFumc
                0x000000008005e098                Ipu_SetContrast
                0x000000008005de58                Ipu_Sketch
                0x000000008005e040                Ipu_SetBlur
                0x000000008005e2c4                Ipu_SetSEBIANEffect
                0x000000008005e200                Ipu_SetHighGainEffect
                0x000000008005e374                Ipu_SetYGammaEnable
                0x000000008005df00                Ipu_CSC1Set
                0x000000008005e250                Ipu_SetColorMixEffect
                0x000000008005deb8                Ipu_CSC0Set
 .text          0x000000008005e420      0x900 ../../../libIPLAY/lib//libsensor.a(sensor_manager.o)
                0x000000008005ea9c                Api_Clear_PCCAM_SwitchBuf_flag
                0x000000008005e984                API_Open_IPW1
                0x000000008005eb9c                API_SensorUsb_GetShareBuf_status
                0x000000008005ebbc                API_SensorUsb_SetEmptyFlag
                0x000000008005e6c0                API_SetSensorWindow
                0x000000008005e940                API_Close_Write_Into_EncBuf
                0x000000008005ea2c                API_Set_PCCAM_GetReadyBufCnt
                0x000000008005e8dc                Get_Display_flag
                0x000000008005e5d0                SetSensorInterfaceMode
                0x000000008005e570                SetSensorOverlayEnable
                0x000000008005e8ac                Set_Display_flag
                0x000000008005e9c8                API_Close_IPW1
                0x000000008005e658                API_Sensor_Initial
                0x000000008005ec74                API_SensorUsbGetShareBufInfo
                0x000000008005e420                API_Sensor_Stop
                0x000000008005eb28                API_SensorUsb_EnableShareBuf
                0x000000008005ebfc                API_SensorUsb_ClrEmptyFlag
                0x000000008005ec38                API_SensorUsb_GetEmptyFlag
                0x000000008005ecac                API_SensorUsbSetShareBufInfo
                0x000000008005eadc                API_Set_PCCAM_ReadyBuf_state
                0x000000008005ea58                Api_Get_PCCAM_SwitchBuf_flag
                0x000000008005ea0c                API_PCCAM_GetReadyBufCnt
                0x000000008005e5a0                SetImageSize
                0x000000008005e600                Drive_Sensor
                0x000000008005e8fc                API_Open_Write_Into_EncBuf
                0x000000008005e868                Sensor_Input_Enable
                0x000000008005eabc                API_Get_PCCAM_ReadyBuf_state
                0x000000008005ea78                Api_Set_PCCAM_SwitchBuf_flag
                0x000000008005eb64                API_SensorUsb_DisableShareBuf
                0x000000008005eb08                API_SensorUsbUsedBufNum
 .text          0x000000008005ed20     0x2770 ../../../libIPLAY/lib//libsensor.a(sensor_driver_NT99140.o)
                0x000000008005ee94                __sensor_nt99140_i2c_data_input
                0x000000008005ee18                __sensor_nt99140_i2c_data_output
                0x000000008005ed9c                __sensor_nt99140_i2c_data_low
                0x000000008005f080                __sensor_nt99140_i2c_clk_output
                0x000000008005f470                sensor_nt99140_GPIO_Init
                0x000000008005ed20                __sensor_nt99140_i2c_data_high
                0x000000008005ef18                __sensor_nt99140_i2c_read_data
                0x00000000800613ac                Drive_Sensor_NT99140
                0x0000000080060eac                SetBWmodeOnOff
                0x000000008005ef88                __sensor_nt99140_i2c_clk_high
                0x000000008005f004                __sensor_nt99140_i2c_clk_low
                0x000000008005f0fc                __sensor_nt99140_i2c_clk_input
 .text          0x0000000080061490     0x1b50 ../../../libIPLAY/lib//libsensor.a(sensor_NT99140.o)
                0x00000000800626c0                Local_Sensor_GPIO_Reset
                0x0000000080062bc4                Sensor_Setup
                0x0000000080062c08                Global_Sensor_Initial_NT99140
                0x00000000800616b8                Sensor_CurChannel_Get
                0x00000000800629c4                Init_Sensor_Record_Win
                0x0000000080061650                Sensor_DisplayMode_Set
                0x0000000080061688                Sensor_CacheWin_Set
                0x0000000080061490                Sensor_DisplayWindow_Set
                0x0000000080062b3c                Sensor_Start
                0x00000000800616d8                Sensor_ChangeIO_Init
                0x0000000080061708                Sensor_Channel_Set
 .text          0x0000000080062fe0     0x4b70 ../../../libIPLAY/lib//libimage.a(jpeg_hal.o)
                0x0000000080063068                CduDecodeEnable
                0x00000000800631a0                Jpg_Marker_SOF0
                0x0000000080063054                CduCheckEnabled
                0x0000000080066cd0                Jpg_Cdu_Decode_650
                0x0000000080065550                Jpg_GetReadTargetHeight
                0x00000000800654d8                Jpg_GetTargetWidth
                0x00000000800647c8                Jpg_Cdu_Wait_Time
                0x000000008006310c                JpegDelay
                0x0000000080064358                Jpg_CheckImageSize
                0x00000000800633a4                Jpg_Marker_DHT
                0x0000000080063798                Jpg_Parse_Marker
                0x00000000800668cc                Jpg_Cdu_Decode_One
                0x0000000080065020                Jpg_Decoder_CduDecode
                0x00000000800640ec                GetRatioOver
                0x00000000800668bc                SetJpegDecoder422
                0x00000000800645ec                Jpg_SetRotateDecodedSize
                0x000000008006361c                Jpg_Marker_DQT
                0x00000000800654a0                Jpg_CloseJpegFile
                0x00000000800655e4                Jpg_Cdu_Decode_DChase
                0x0000000080066664                WaitBuffEmpty
                0x0000000080063e2c                Jpg_CheckQtTable
                0x0000000080065420                Jpg_OpenJpegBuffer
                0x0000000080063020                Jpg_DC_Controller_Free
                0x000000008006680c                Adjust_RotateMCU
                0x00000000800665d8                Reset_CDU_ISR_Count
                0x0000000080065564                Img_Jpeg2ImgBuf
                0x0000000080063c3c                Jpg_InitTables
                0x0000000080063ecc                Jpg_SetHummanTable
                0x0000000080063a5c                Jpg_Thumb_Parse_Marker
                0x0000000080065500                Jpg_GetImageWidth
                0x0000000080064720                Jpg_Cdu_Wait
                0x00000000800644f8                Jpg_SetDecodedSize
                0x00000000800654ec                Jpg_GetTargetHeight
                0x00000000800630cc                CduDisable
                0x0000000080066624                InsertDummyByte
                0x0000000080065514                Jpg_GetImageHeight
                0x00000000800646e0                Jpg_CheckComplete
                0x0000000080062fe0                ImageGetDC_Controller
                0x00000000800668a8                SetJpegDecoder444
                0x000000008006419c                Jpg_GetResizeRatio
                0x0000000080064878                Jpg_Cdu_Decode_Chase
                0x0000000080065528                Jpg_GetImageFrameWidth
                0x000000008006679c                Choose_Buff_Size
                0x00000000800646a4                Jpg_PollEvent
                0x000000008006553c                Jpg_GetRealTargetWidth
                0x0000000080067a14                CduIsr
                0x0000000080062fec                Jpg_DC_Controller_init
 .text          0x0000000080067b50     0x1240 ../../../libIPLAY/lib//libimage.a(IMG_jpeg.o)
                0x0000000080068a4c                Jpg_Decoder_Init
                0x0000000080068768                Jpg_Decoder_DecodeThumb
                0x0000000080068b4c                Jpg_Decoder_ImageFile_Init
                0x0000000080068ce0                LibjpegCallback_Check
                0x00000000800688bc                Jpg_Decoder_DecodeImage
 .text          0x0000000080068d90      0x4d4 ../../../libIPLAY/lib//libmpapi.a(api_main.o)
                0x00000000800690f8                Api_AudioPause
                0x00000000800690d8                Api_AudioForward
                0x0000000080068f34                Api_VideoRecordingResume
                0x00000000800691e0                Api_MovieStatusGet
                0x000000008006909c                Api_MovieVideoFullScreen
                0x000000008006917c                Api_Audio_getID3_pic
                0x000000008006918c                AiuDmaRegCallBackFunc
                0x0000000080069108                Api_MoviePause
                0x00000000800690c0                Api_MovieForward
                0x0000000080068d90                Api_VideoRecording
                0x0000000080069204                Api_AmrRecordDisable
                0x000000008006921c                API_SetVideoSpeed
                0x0000000080069154                Api_MovieChangeToFullScreenMode
                0x0000000080068fac                Api_VideoRecordingPreviewStart
                0x00000000800690f0                Api_AudioHWDisable
                0x0000000080069128                Api_EnterMoviePlayer
                0x0000000080069120                Api_ExitMoviePlayer
                0x00000000800690d0                Api_AudioBackward
                0x0000000080069144                Api_MovieGetMediaInfo
                0x000000008006915c                Api_AlarmSoundPlayer
                0x0000000080069134                Api_EnterMoviePreview
                0x00000000800691fc                Api_AmrRecordEnable
                0x0000000080069118                Api_MovieStop
                0x00000000800690c8                Api_MovieBackward
                0x00000000800690e0                Api_GetEQInfo
                0x0000000080069110                Api_MovieResume
                0x0000000080069174                Api_audio_channel_select
                0x0000000080069100                Api_MoviePlay
                0x000000008006916c                Api_ChangeDisplayRatio
                0x0000000080068e44                Api_StopVideoRecording
                0x00000000800690e8                Api_AudioHWEnable
                0x0000000080069164                Api_KeyToneSoundPlayer
                0x000000008006920c                Api_Wav_Sound_play
                0x0000000080069214                API_SetAudioTimeStamp
                0x0000000080069024                Api_VideoRecordingPreviewStop
                0x00000000800691f4                Api_SetRecordVolume
                0x000000008006913c                Api_VideoDrawThumb
                0x00000000800691c0                AiuDmaClearCallBackFunc
                0x0000000080069184                MagicPixel_audio_channel_process
                0x000000008006914c                Api_MovieChangeToThumbMode
                0x0000000080068ebc                Api_VideoRecordingPause
 .text          0x0000000080069264      0x6f0 ../../../libIPLAY/lib//libmpapi.a(mpImageResizeApi.o)
                0x0000000080069264                FitToOriginRatio
                0x000000008006983c                Ipu_Overlay
                0x0000000080069748                Ipu_ImageScaling
                0x0000000080069554                Extract_Ipu_ImageScaling
                0x00000000800697e4                Ipu_Zoom
                0x0000000080069934                Ipu_Video_Bypass_Show_Main_Win
                0x00000000800693b4                ImageDraw_FitToOrigin
                0x0000000080069894                Ipu_Video_Bypass_Scaling
 .text          0x0000000080069954     0x123c ../../../libIPLAY/lib//libmpapi.a(mpImageApi.o)
                0x000000008006ab18                mpPaintWin
                0x000000008006a7e4                mpSE_Crayon
                0x000000008006a2a8                mpDraw1BitBitmap
                0x000000008006a72c                mpSE_Negative
                0x000000008006a1dc                mpPaintWinArea
                0x000000008006ab38                mpClearWin
                0x0000000080069a7c                mpGetIPUEffectValue
                0x000000008006a66c                mpSE_Gray
                0x0000000080069d18                mpCopyWinArea
                0x0000000080069c70                mpSE_Solarzation
                0x000000008006a6c4                mpSE_Sepia
                0x000000008006a564                mpResetIPUEffectValue
                0x000000008006a83c                mpCopyWin
                0x000000008006aad8                mpWinInit
                0x0000000080069bd0                mpSE_RGB_stretch
                0x000000008006a940                mpCopyEqualWin
                0x0000000080069e8c                mpCheckBufferContent
                0x000000008006a5b4                mpSE_Off
                0x000000008006ab70                WinInit4VideoPlay
                0x000000008006a784                mpSE_Edge
                0x000000008006ab58                GetScreenOffset
                0x000000008006a604                mpSE_Sketch
                0x000000008006a458                DisplayWinPosition
                0x000000008006a07c                mpPaintWinAreaBlending
                0x0000000080069954                mpSetIPUEffectValue
                0x0000000080069f14                mpPaintWinAreaAntiBlending
                0x000000008006aa44                mpCopyWinAreaSameSize
 .text          0x000000008006ab90      0x65c ../../../libIPLAY/lib//libmpapi.a(mpTrace.o)
                0x000000008006af00                PutUartChar
                0x000000008006af28                PutUartCharDrop
                0x000000008006b0c8                UartDMARead
                0x000000008006acf4                mpDebugPrintValue
                0x000000008006af7c                mpPrintTraceTime
                0x000000008006afc4                GetUartChar
                0x000000008006b1c4                CheckUartStatus
                0x000000008006b054                UartRead
                0x000000008006b1a4                DisUartInt
                0x000000008006ac98                mpDebugPrintChar
                0x000000008006af50                UartOutText
                0x000000008006ab90                mpDebugPrintN
                0x000000008006b184                EnaUartInt
                0x000000008006b160                UartIntDisable
                0x000000008006ae30                mpPrintMessage
                0x000000008006b098                UartWrite
                0x000000008006b13c                UartIntEnable
                0x000000008006af84                Uart_Init
                0x000000008006ac04                mpDebugPrint
                0x000000008006b00c                WaitUartStatus
                0x000000008006b034                WaitUartTxComplete
                0x000000008006af74                mpTraceTimeStart
                0x000000008006add4                mpDebugPrintCharDrop
                0x000000008006afe4                UartOutValue
                0x000000008006b10c                UartDMAWrite
 .text          0x000000008006b1ec      0x504 ../../../libIPLAY/lib//libmpapi.a(mpUtil.o)
                0x000000008006b6a8                SetBitByOffset
                0x000000008006b254                TimerDelay
                0x000000008006b1ec                WaitMs
                0x000000008006b5fc                IODelay
                0x000000008006b340                MpMemCopy
                0x000000008006b43c                MpMemSet
                0x000000008006b680                GetBitByOffset
                0x000000008006b588                MpMemSetDWORD
 .text          0x000000008006b6f0     0x1080 ../../../libIPLAY/lib//libmpapi.a(mpImageFileApi.o)
                0x000000008006c738                JpegEventInit
                0x000000008006b998                ImageFile_Open
                0x000000008006c448                GetCurImgOutputType
                0x000000008006c4a8                ImageFile_GetImageHeight
                0x000000008006b7c0                ImageFile_DecodeImage
                0x000000008006c4e0                ImageFile_GetTargetHeight
                0x000000008006c254                Check_Thumb_exist
                0x000000008006c48c                ImageFile_GetImageWidth
                0x000000008006ba3c                ImageFile_CheckSize
                0x000000008006b928                ImageFile_Close
                0x000000008006c5f8                ImageReleaseSourceBuffer
                0x000000008006c6f8                ImageResetAllBuffer
                0x000000008006c4fc                ImageFile_GetTargetBuffer
                0x000000008006c454                ImageFile_GetThumbWidth
                0x000000008006c62c                ImageReleaseTargetBuffer
                0x000000008006bb3c                ImageFile_DecodeFile
                0x000000008006b838                ImageFile_Decoder_Init
                0x000000008006c720                ImageGetTargetSize
                0x000000008006c560                ImageFile_DecodeFromBuffer
                0x000000008006b760                ImageFile_GetImageSize