Archive member included because of file (symbol)

../../../libIPLAY/lib//libbios.a(exception.o)
                              ../object/ui_timer.o (IntEnable)
../../../libIPLAY/lib//libbios.a(agent.o)
                              ../../../libIPLAY/lib//libbios.a(exception.o) (BreakHandler)
../../../libIPLAY/lib//libbios.a(hal_Ckg.o)
                              ../object/main.o (Clock_PllFreqGet)
../../../libIPLAY/lib//libbios.a(string.o)
                              ../../../libIPLAY/lib//libbios.a(agent.o) (mp_vsprintf)
../../../libIPLAY/lib//libos.a(cosmos.o)
                              ../object/main.o (OsInit)
../../../libIPLAY/lib//libos.a(task.o)
                              ../../../libIPLAY/lib//libbios.a(exception.o) (boolContext)
../../../libIPLAY/lib//libos.a(object.o)
                              ../../../libIPLAY/lib//libos.a(cosmos.o) (ObjectInit)
../../../libIPLAY/lib//libos.a(event.o)
                              ../object/main.o (EventCreate)
../../../libIPLAY/lib//libos.a(mailbox.o)
                              ../../../libIPLAY/lib//libos.a(cosmos.o) (MailboxInit)
../../../libIPLAY/lib//libos.a(message.o)
                              ../../../libIPLAY/lib//libos.a(cosmos.o) (MessageCreate)
../../../libIPLAY/lib//libos.a(memory.o)
                              ../../../libIPLAY/lib//libos.a(task.o) (ker_mem_malloc)
../../../libIPLAY/lib//libos.a(systimer.o)
                              ../object/ui_timer.o (GetSysTime)
../../../libIPLAY/lib//libos.a(interrupt.o)
                              ../object/main.o (DmaIntHandleRegister)
../../../libIPLAY/lib//libMcard.a(mcard.o)
                              ../object/main.o (McardIsr)
../../../libIPLAY/lib//libMcard.a(NandFTL.o)
                              ../../../libIPLAY/lib//libMcard.a(mcard.o) (NandInit)
../../../libIPLAY/lib//libMcard.a(NandPhyAdv_Mp650.o)
                              ../../../libIPLAY/lib//libMcard.a(NandFTL.o) (GetNandLogAddr)
../../../libIPLAY/lib//libMcard.a(SD.o)
                              ../../../libIPLAY/lib//libMcard.a(NandFTL.o) (SdProgChk)
../../../libIPLAY/lib//libMcard.a(SdPhy_Mp650.o)
                              ../../../libIPLAY/lib//libMcard.a(SD.o) (SdHost_WaitCardResponse)
../../../libIPLAY/lib//libMcard.a(Uti.o)
                              ../../../libIPLAY/lib//libMcard.a(NandPhyAdv_Mp650.o) (MemDump)
../../../libIPLAY/lib//libMcard.a(NandIdIdentify.o)
                              ../../../libIPLAY/lib//libMcard.a(NandPhyAdv_Mp650.o) (NandIdPaserFunInit)
../../../libIPLAY/lib//libfile.a(dir.o)
                              ../object/UI_FileSystem.o (PathAPI__Cd_Path_UTF16)
../../../libIPLAY/lib//libfile.a(chain.o)
                              ../../../libIPLAY/lib//libfile.a(dir.o) (SectorClear)
../../../libIPLAY/lib//libfile.a(drive.o)
                              ../object/main.o (FileSystemInit)
../../../libIPLAY/lib//libfile.a(file.o)
                              ../../../libIPLAY/lib//libfile.a(dir.o) (ReplaceGlyph)
../../../libIPLAY/lib//libfile.a(Format.o)
                              ../object/main.o (Fat32_Format)
../../../libIPLAY/lib//libfile.a(filebrowser.o)
                              ../object/main.o (g_pstBrowser)
../../../libIPLAY/lib//libperipheral.a(hal_gpio.o)
                              ../object/xpgProcSensorData.o (Gpio_ValueGet)
../../../libIPLAY/lib//libperipheral.a(hal_mmcp.o)
                              ../object/isp.o (mmcp_memcpy)
../../../libIPLAY/lib//libperipheral.a(hal_rtc.o)
                              ../../../libIPLAY/lib//libos.a(systimer.o) (RTC_AlarmSet)
../../../libIPLAY/lib//libsystem.a(SystemConfig.o)
                              ../object/xpgFunc.o (g_bXpgStatus)
../../../libIPLAY/lib//libsystem.a(SystemMemory.o)
                              ../../../libIPLAY/lib//libsystem.a(SystemConfig.o) (SystemMemoryMapInit)
../../../libIPLAY/lib//libsystem.a(SystemDrive.o)
                              ../../../libIPLAY/lib//libfile.a(drive.o) (SystemCardEventSet)
../../../libIPLAY/lib//libsystem.a(global612.o)
                              ../object/xpgFunc.o (g_bAniFlag)
../../../libIPLAY/lib//libsystem.a(ISP_Nand.o)
                              ../object/main.o (NandCodeCheck)
../../../libIPLAY/lib//libsystem.a(McardDevInfo.o)
                              ../object/main.o (McardDevInfoStore)
../../../libIPLAY/lib//libsystem.a(SetTabFunc.o)
                              ../object/Setup.o (Sys_SettingTableOpen)
../../lib//libui.a(uigpio.o)  ../object/main.o (Ui_GetKey)
../../lib//libui.a(uiTouchCtrller.o)
                              ../object/main.o (TouchCtrllerInit)
../../../libIPLAY/lib//libdisplay.a(idu.o)
                              ../object/xpgProcSensorData.o (Idu_ChgWin)
../../../libIPLAY/lib//libdisplay.a(osd.o)
                              ../object/main.o (Idu_OsdSetDefaultPalette)
../../../libIPLAY/lib//libdisplay.a(osd4.o)
                              ../../../libIPLAY/lib//libdisplay.a(osd.o) (dwDefaultPalette)
[...]
Memory Configuration

Name             Origin             Length             Attributes
MEMORY_SIZE      0x0000000080002000 0x0000000002000000
*default*        0x0000000000000000 0xffffffffffffffff

Linker script and memory map


.boot           0x0000000080000010       0x5c
 *(.boot)
 .boot          0x0000000080000010       0x5c ../../../libIPLAY/lib//libbios.a(startup.o)
                0x0000000080000010                Boot

.vector         0x0000000080000080      0x408
 *(.vector)
 .vector        0x0000000080000080      0x408 ../../../libIPLAY/lib//libbios.a(exception.o)

.text           0x0000000080002000    0xb4680
                0x0000000080002000                . = ALIGN (0x20)
 *(.adjustpll)
 .adjustpll     0x0000000080002000       0x28 ../../../libIPLAY/lib//libbios.a(hal_Ckg.o)
                0x0000000080002040                . = ALIGN (0x20)
 *fill*         0x0000000080002028 0x100000018 00
 *fill*         0x0000000080002040 0x100000000 00
 *(.adjustmemcs)
 .adjustmemcs   0x0000000080002040       0x28 ../../../libIPLAY/lib//libbios.a(hal_Ckg.o)
                0x0000000080002080                . = ALIGN (0x20)
 *fill*         0x0000000080002068 0x100000018 00
 *fill*         0x0000000080002080 0x100000000 00
 *(.pwdcwait)
                0x0000000080002080                . = ALIGN (0x20)
 *(.memfreqchg)
 .memfreqchg    0x0000000080002080      0xdec ../../../libIPLAY/lib//libbios.a(hal_Ckg.o)
                0x0000000080002080                Clock_SystemFrequencyChange
                0x0000000080002e80                . = ALIGN (0x20)
 *fill*         0x0000000080002e6c 0x100000014 00
 *fill*         0x0000000080002e80 0x100000000 00
 *(.setdramtiming)
 .setdramtiming
                0x0000000080002e80       0x10 ../../../libIPLAY/lib//libbios.a(hal_Ckg.o)
                0x0000000080002e80                Clock_DRAM_timing_Set
                0x0000000080002e88                Clock_DllDelay_Set
                0x0000000080002ea0                . = ALIGN (0x20)
 *fill*         0x0000000080002e90 0x100000010 00
 *fill*         0x0000000080002ea0 0x100000000 00
 *(.dlldelay)
                0x0000000080002ea0                . = ALIGN (0x4)
 *(.eh_frame)
 .eh_frame      0x0000000080002ea0       0x48 /cygdrive/e/mips/bin/../lib/gcc-lib/lexra-mpx-elf/3.2.1/soft-float/libgcc.a(_udivdi3.o)
 .eh_frame      0x0000000080002ee8       0x48 /cygdrive/e/mips/bin/../lib/gcc-lib/lexra-mpx-elf/3.2.1/soft-float/libgcc.a(_umoddi3.o)
 *(.rodata.str1.4)
 *(.text)
 .text          0x0000000080002f30     0x2ccc ../object/main.o
                0x0000000080002f30                AutoISP
                0x00000000800032f8                main
                0x0000000080003134                DisplayColorTest
 .text          0x0000000080005bfc      0xb20 ../object/ui_timer.o
                0x0000000080005bfc                Ui_TimerProcRemove
                0x00000000800061b0                CheckTimerAction
                0x0000000080005fa8                Ui_TimerProcessHandle
                0x00000000800063c8                HHMMSSExceptionTaskDeInit
                0x00000000800063a4                xpgGetclockTimerCreated
                0x000000008000636c                Ui_TimerProcResume
                0x00000000800060d4                Ui_TimerProcessCheck
                0x00000000800062d0                Ui_TimerProcInit
                0x0000000080006334                Ui_TimerProcPause
                0x0000000080005d14                Ui_TimerProcAdd
 .text          0x000000008000671c      0xe94 ../object/xpgFunc.o
                0x000000008000679c                xpgInitOsdTimeBar
                0x0000000080006d9c                xpgStopAllAction
                0x0000000080006870                xpgGetFuncPtr
                0x0000000080006800                xpgUpdateFuncPtrInit
                0x0000000080006adc                OsdLineSet
                0x0000000080007474                xpgCb_EnterSetupPage
                0x0000000080006f50                xpgCb_PressLeftKey
                0x0000000080006ef0                xpgCb_NullFunc
                0x0000000080007008                xpgCb_PressEnterKey
                0x0000000080006f94                xpgCb_PressRightKey
                0x0000000080007068                GetNewCaptureHandle
                0x0000000080006a60                OsdLineInit
                0x0000000080006eb8                xpgDelay
                0x00000000800074e8                xpgCb_EnterPhotoViewPage
                0x0000000080006a0c                Free_Cache_BGWin
                0x00000000800067bc                xpgUpdateEQInfo
                0x0000000080006898                Idu_Cache_BGWin
                0x0000000080007570                Timer_FirstEnterCamPreview
                0x000000008000673c                xpgUpdateOsdTimeBar
                0x0000000080006c1c                xpgUpdatePageOsd
                0x0000000080007048                xpgCb_PressExitKey
                0x00000000800069cc                Idu_GetCache_BGWin
                0x0000000080006f10                xpgCb_PressUpKey
                0x00000000800073d4                xpgCb_EnterCamcoderPreview
                0x0000000080007158                xpgCb_CaptureWinToFile
                0x0000000080006e4c                xpgGotoNewPageInit
                0x000000008000671c                xpgUpdateTimeBar
                0x0000000080006f30                xpgCb_PressDownKey
                0x00000000800067dc                xpgOsdPopupError
 .text          0x00000000800075b0      0x130 ../object/xpgString.o
                0x00000000800075b0                getstr
                0x0000000080007620                ChangeLanguage
                0x00000000800076a4                IduSetFontSize
 .text          0x00000000800076e0      0x9a0 ../object/imageplayer.o
                0x0000000080007918                ImageDraw_FitToFull
                0x00000000800078f0                Img_GetCDU_DecodeWidth
                0x00000000800078c8                Img_GetOriginalHeight
                0x00000000800076e0                ImageGetDecodeTargetWin
                0x0000000080007d74                ImageScaleFromJPEGTarget
                0x0000000080007770                ImagePlayer_DecodeFile
                0x0000000080007fac                ImageDraw
                0x0000000080007dec                ImageDraw_Decode
                0x0000000080007730                ImagePlayer_CloseFile
                0x0000000080007708                ImageGetDecodeWinType
                0x0000000080007dc4                ImageGetDecodeWin
                0x00000000800078a0                Img_GetOriginalWidth
                0x0000000080007b54                ImageDraw_FitToWidth
 .text          0x0000000080008080      0x714 ../object/Setup.o
                0x0000000080008268                PutDefaultSetupMenuValue
                0x000000008000871c                WriteSetupChg
                0x0000000080008674                SetupMenuInit
                0x0000000080008080                GetDefaultSetupMenuValue
                0x00000000800085c0                PutSetupMenuValueWait
                0x0000000080008654                SetupFunctionEffect
                0x00000000800084bc                PutSetupMenuValue
                0x0000000080008180                Recover_g_psSetupMenu
                0x00000000800086c8                SetupMenuReset
                0x00000000800080fc                Update_gSetupMenuValue
                0x0000000080008754                TimerToWriteSetup
                0x0000000080008364                GetSetupMenuValue
 .text          0x0000000080008794      0xa68 ../object/isp.o
                0x0000000080008e1c                ISP_GetResourceSize
                0x0000000080008794                ISP_UpDateCode
                0x0000000080008e9c                ISP_ChksumVerify
                0x0000000080008e54                ISP_GetResource
 .text          0x00000000800091fc      0x4f0 ../object/xpgDriveFunc.o
                0x000000008000940c                xpgChangeDrive
                0x0000000080009368                xpgGetFirstDrive
                0x00000000800092f0                xpgCheckDriveCount
                0x00000000800091fc                xpgGotoNoCardPage
                0x00000000800095fc                xpgDisableDrive
                0x00000000800092b8                xpgGetDriveCount
                0x000000008000921c                xpgCb_NextCard
                0x00000000800094d8                xpgEnableDrive
 .text          0x00000000800096ec     0x32c0 ../object/xpgDrawSprite.o
                0x000000008000b1b0                xpgDrawSprite_CloseIcon
                0x00000000800099c8                xpgDrawSprite_TextBlackLeft
                0x0000000080009d5c                DrawHiLightBox
                0x000000008000b5b4                xpgDrawSprite_Selector
                0x0000000080009810                xpgDrawSprite_TextWhiteLeft
                0x000000008000a774                xpgDrawSprite_Title
                0x00000000800096ec                xpgDrawSprite_Null
                0x0000000080009778                GetDigitPerTen
                0x000000008000ac60                xpgDrawSprite_Aside
                0x000000008000b210                xpgDrawSprite_Text
                0x000000008000aecc                xpgDrawSprite_BackIcon
                0x000000008000a3dc                xpgDrawSprite_Background
                0x0000000080009718                xpgDrawSprite
                0x000000008000c8cc                xpgDrawSprite_List
                0x000000008000c964                xpgDrawSprite_Dialog
                0x000000008000a1a0                xpgDrawSprite_ModeIcon
                0x000000008000a71c                xpgDrawSprite_DarkIcon
                0x000000008000a2f0                xpgDrawSprite_FileView
                0x000000008000a5c4                xpgDrawSprite_LightIcon
                0x0000000080009b5c                xpgDrawSprite_TextBlackCenter
                0x000000008000a424                xpgDrawSprite_Icon
                0x000000008000a03c                xpgDrawSprite_HilightFrame
                0x000000008000a748                xpgDrawSprite_Mask
 .text          0x000000008000c9ac      0xbd4 ../object/xpgBrowser.o
                0x000000008000d024                xpgMenuListPrevPage
                0x000000008000cf88                xpgMenuListPrev
                0x000000008000d31c                xpgCb_OpenFolder
                0x000000008000ca20                xpgMenuListSetIndex
                0x000000008000c9ac                ClrBrowserDrvId
                0x000000008000d550                xpgClearCatch
                0x000000008000d3cc                xpgFileDelete
                0x000000008000cf44                xpgMenuListNext
                0x000000008000cfcc                xpgMenuListNextPage
                0x000000008000d2c4                xpgCb_EnterPhotoMenu
                0x000000008000d088                xpgChangeMenuMode
 .text          0x000000008000d580       0x94 ../object/platform.o
                0x000000008000d580                PlatformInit
                0x000000008000d5dc                TurnOffBackLight
                0x000000008000d5a4                TurnOnBackLight
 .text          0x000000008000d614      0x6e8 ../object/camcorder_func.o
                0x000000008000da30                Camcorder_PreviewStop
                0x000000008000d9c4                Camcorder_PreviewStart
                0x000000008000d614                Camcorder_VideoRecordingPreviewStart
                0x000000008000dc2c                Camcorder_RecordPause
                0x000000008000da7c                Camcorder_RecordStart
                0x000000008000dbe0                Camcorder_RecordStop
                0x000000008000dc70                Camcorder_RecordResume
 .text          0x000000008000dcfc      0x72c ../object/UI_FileSystem.o
                0x000000008000e398                UI_FileSystem_EarliestFileRemove
                0x000000008000df10                CreatePhotoFileByIndex
                0x000000008000dcfc                GetMaxDigitName
                0x000000008000e354                UI_FileSystem_AutoNameFileCreate
                0x000000008000e0cc                CreateFileByTime
 .text          0x000000008000e428     0xb434 ../object/xpgProcSensorData.o
                0x000000008000f544                PrintWinData
                0x0000000080015aec                TimeoutToStopHoldMoto1
                0x000000008000e580                TSPI_Wait_DinHigh
                0x0000000080015c8c                MotoHoldTimeoutSet
                0x0000000080017e3c                TimerToNextState
                0x000000008000f690                SetFillProcWinFlag
                0x000000008000e8d8                TSPI_Reset
                0x000000008000eee0                TSPI_PacketSend
                0x000000008000e958                TSPI_Send
                0x0000000080018940                TSPI_DataProc
                0x00000000800101fc                SearchLeftFiberCenter
                0x000000008000fc28                SearchLeftFiberBottomEdge
                0x000000008001641c                MoveVMotorToSpecPosition
                0x0000000080017e6c                Proc_Weld_State
                0x0000000080019584                ProcIpwFrameEvent
                0x000000008000edd0                TSPI_SendWithCheck
                0x000000008000e840                TSPI_Init
                0x0000000080011f84                SearchRightFiberCore
                0x0000000080017854                Proc_AutoFocus
                0x000000008000e4f8                TSPI_Wait_DinLow
                0x000000008000ed20                TSPI_TimerToResend
                0x0000000080018fd4                DisplaySensorOnCurrWin
                0x0000000080018cdc                DisplaySensorImage
                0x000000008000e728                TSPI_Wait_ClkLow
                0x00000000800168d0                MoveVMotorByPosition
                0x000000008000f06c                TSPI_Receiver
                0x0000000080014440                SearchRightFiberFaceAndTopEdge
                0x0000000080016124                MoveAFMotor
                0x000000008000f4ec                SetCachWinNum
                0x00000000800113ec                SearchLeftFiberCore
                0x000000008000f80c                GetBackgroundLevel
                0x0000000080015b54                TimeoutToStopHoldMoto2
                0x00000000800195f4                ProcIpwBit0Event
                0x00000000800151d8                SearchFiberLowPoint
                0x0000000080018894                Proc_SensorData_State
                0x0000000080016018                TimerToReleaseAllHold
                0x0000000080015c24                TimeoutToStopHoldMoto4
                0x0000000080016d74                Discharge
                0x00000000800159d4                MotorSetStatus
                0x0000000080010a34                GetReallyData
                0x0000000080017de4                ResetMotor
                0x0000000080019200                CacheSensorData
                0x0000000080010e88                GetFiberBlackLevel
                0x000000008000e698                TSPI_Wait_DoutHigh
                0x000000008000f7b8                AutoGetFiberLowPoint
                0x0000000080016080                GetMotoIdxByFiberIdx
                0x000000008000e428                TSPI_WaitFree
                0x000000008000f6f0                AutoStartWeld
                0x00000000800161f0                MoveHMotorToSpecPosition
                0x0000000080016f64                Proc_GetFiberLowPoint
                0x000000008001744c                ProcAFData
                0x000000008000e7b0                TSPI_Wait_ClkHigh
                0x000000008001740c                ProcAFmotorAction
                0x000000008000e610                TSPI_Wait_DoutLow
                0x000000008001363c                SearchRightFiberBottomEdge
                0x0000000080015bbc                TimeoutToStopHoldMoto3
                0x000000008000f4c8                GetCachWinNum
                0x0000000080013c6c                SearchRightFiberCenter
                0x000000008000f40c                TSPI_Receive_Check
                0x0000000080015854                DriveMotor
                0x0000000080014f9c                SearchWholeFiber
                0x0000000080019668                WeldDataInit
                0x0000000080012b30                SearchLeftFiberFaceAndTopEdge
 .text          0x000000008001985c      0x200 ../object/xpgPhotoFunc.o
                0x000000008001985c                NonxpgPhotoView
                0x00000000800198a8                NonxpgEnterPhotoView
 .text          0x0000000080019a5c       0x94 ../../../libIPLAY/lib//libbios.a(exception.o)
                0x0000000080019aac                IntDisable
                0x0000000080019a5c                IntEnable
 .text          0x0000000080019af0      0xb38 ../../../libIPLAY/lib//libbios.a(agent.o)
                0x000000008001a574                readChar
                0x000000008001a560                checkInput
                0x0000000080019b84                writeWord
                0x000000008001a5a8                BreakPoint
                0x000000008001a30c                Restart_AP
                0x000000008001a59c                DpWord
                0x0000000080019c04                readNibble
                0x000000008001a1ec                replyForLocalBreak
                0x000000008001a610                HandlerEnable
                0x000000008001a590                DpString
                0x0000000080019bdc                writeCharWord
                0x0000000080019b54                writeString
                0x0000000080019cb4                readWord
                0x0000000080019b28                writeCharByte
                0x000000008001a090                DebugPrintWord
                0x000000008001a3e4                Exception
                0x0000000080019dc8                getPacket
                0x000000008001a5c0                BadInstruction
                0x0000000080019d2c                readVariable
                0x0000000080019d74                readWordBinary
                0x000000008001a0d0                singleStep
                0x000000008001a4c0                DebugPrint
                0x000000008001a554                writeChar
                0x000000008001a36c                BreakHandler
                0x000000008001a61c                IsGdbConnect
                0x0000000080019af0                writeByte
                0x0000000080019ffc                DebugPrintString
                0x000000008001a520                agentUartIntInfoChange
                0x0000000080019c7c                readByte
                0x000000008001a5b4                BreakHandlerIsrCallbackRegister
                0x0000000080019f14                putPacket
 .text          0x000000008001a628     0x1a9c ../../../libIPLAY/lib//libbios.a(hal_Ckg.o)
                0x000000008001c044                Clock_Dma_tRP_Get
                0x000000008001acb4                Clock_Dma_tWTR_Set
                0x000000008001bec0                Dma_SecondaryPrioritySet
                0x000000008001af60                Clock_MemTypeGet
                0x000000008001bc68                Dma_FdmaFifoTimingAdjust
                0x000000008001bd5c                Dma_PriorityDefaultSave
                0x000000008001c0ac                Dma_BiuRequestSuspendSetting
                0x000000008001ac98                Clock_CpuClockSelGet
                0x000000008001aeb8                Clock_MemFreqGet
                0x000000008001b030                Clock_PllCfgSet
                0x000000008001ac30                Clock_CpuClockSelSet
                0x000000008001afd0                Clock_IpuClockSelSet
                0x000000008001a628                calculatePllParam
                0x000000008001bfb0                Dma_FourthPrioritySet
                0x000000008001ae54                Clock_MemClockSelSet4Pwdc
                0x000000008001c0b4                Dma_BiuPghitCheckEnable
                0x000000008001b5b0                Clock_PllSprdSet
                0x000000008001c028                Clock_Dma_tWTR_Get
                0x000000008001ab6c                Clock_CpuFreqGet
                0x000000008001ad18                Clock_Dma_tRP_Set
                0x000000008001c07c                Clock_MemClockSelGet
                0x000000008001bdb8                Dma_FirstPrioritySet
                0x000000008001ade0                Clock_MemClockSelSet
                0x000000008001c0bc                Clock_DllDelayTuning
                0x000000008001b1f4                Clock_PllFreqSet
                0x000000008001b804                Clock_PllSprdSetByFreq
                0x000000008001b160                Clock_PllCfgGet
                0x000000008001bf38                Dma_ThirdPrioritySet
                0x000000008001c098                Clock_IpuClockSelGet
                0x000000008001a9b4                Clock_PllFreqGet
                0x000000008001c060                Clock_Dma_tRCD_Get
                0x000000008001bcc4                Dma_PriorityDefault
                0x000000008001ad7c                Clock_Dma_tRCD_Set
 .text          0x000000008001c0c4     0x1720 ../../../libIPLAY/lib//libbios.a(string.o)
                0x000000008001ca58                mp_vsscanf
                0x000000008001d34c                mp_strlen
                0x000000008001d2bc                mp_sscanf
                0x000000008001c0c4                mp_vsprintf
                0x000000008001c8e0                simple_mp_strtoul
                0x000000008001d2e8                mp_strcmp
                0x000000008001c6fc                simple_mp_strtoull
                0x000000008001d3c8                simple_mp_strtol
                0x000000008001c6d0                mp_sprintf
                0x000000008001d37c                simple_mp_strtoll
 .text          0x000000008001d7e4      0x66c ../../../libIPLAY/lib//libos.a(cosmos.o)
                0x000000008001d980                OsInit
                0x000000008001da84                ExceptionTagReister
                0x000000008001da48                ExceptionTagCheck
                0x000000008001d7e4                IdleFuncRegister
                0x000000008001d8c8                IdleFuncRelease
                0x000000008001db1c                ExceptionTagRelease
 .text          0x000000008001de50      0xed4 ../../../libIPLAY/lib//libos.a(task.o)
                0x000000008001e718                TaskTerminate
                0x000000008001e05c                TaskInsert
                0x000000008001e0e0                TaskDequeue
                0x000000008001e214                TaskDeschedule
                0x000000008001e824                TaskSleep
                0x000000008001ea44                TaskSetSleeping
                0x000000008001ed14                TaskTimeSchedulingInit
                0x000000008001eca4                TaskContextDeactive
                0x000000008001ed0c                TaskTimeSchedulingRegister
                0x000000008001de50                TaskContextActive
                0x000000008001eaa0                TaskCancelSleeping
                0x000000008001e3e8                TaskReset
                0x000000008001e024                TaskPreempt
                0x000000008001decc                TaskInit
                0x000000008001e638                TaskStartupParamGet
                0x000000008001eb08                TaskYield
                0x000000008001ecf0                TaskGetPriority
                0x000000008001e974                SleepingTaskTimeTick
                0x000000008001ed1c                TaskTimeSchedulingTimeTick
                0x000000008001ebf4                OsExchangeContext
                0x000000008001e7e8                TaskSetExitHandle
                0x000000008001ecd0                TaskGetMe
                0x000000008001e2b0                TaskCreate
                0x000000008001ecdc                TaskGetId
                0x000000008001eb48                TaskChangePriority
                0x000000008001e8b8                TaskWakeup
                0x000000008001e114                TaskWithdraw
                0x000000008001e1bc                TaskSchedule
                0x000000008001eba4                ContextUpdate
                0x000000008001dfd4                TaskAppend
                0x000000008001e4ac                TaskStartup
                0x000000008001ed04                TaskYieldById
                0x000000008001ec98                ContextStatusGet
 .text          0x000000008001ed24      0x21c ../../../libIPLAY/lib//libos.a(object.o)
                0x000000008001ee40                SemaphoreGetPoint
                0x000000008001ed78                ObjectAllocate
                0x000000008001ef00                MessageGetPoint
                0x000000008001ed24                ObjectInit
                0x000000008001ee18                ObjectFree
                0x000000008001ee80                EventGetPoint
                0x000000008001eec0                MailboxGetPoint
 .text          0x000000008001ef40      0x5d8 ../../../libIPLAY/lib//libos.a(event.o)
                0x000000008001f24c                EventWaitWithTO
                0x000000008001f08c                EventClear
                0x000000008001f410                EventPolling
                0x000000008001f4f0                EventWait
                0x000000008001efc0                EventDestroy
                0x000000008001ef40                EventCreate
                0x000000008001f0f4                EventSet
 .text          0x000000008001f518      0x77c ../../../libIPLAY/lib//libos.a(mailbox.o)
                0x000000008001f8c0                MailboxDestroy
                0x000000008001f7e8                MailGetBufferSize
                0x000000008001f588                TagDequeue
                0x000000008001f5f4                MailPolling
                0x000000008001f658                MailTrack
                0x000000008001f78c                MailGetBufferStart
                0x000000008001f6f8                MailRelease
                0x000000008001f5a8                MailboxInit
                0x000000008001fb08                MailboxReceive
                0x000000008001f844                MailboxCreate
                0x000000008001f9d8                MailboxSend
                0x000000008001fbf8                MailboxPolling
                0x000000008001f518                TagInsert
 .text          0x000000008001fc94      0x8f0 ../../../libIPLAY/lib//libos.a(message.o)
                0x000000008002046c                MessageGrab
                0x000000008001fe14                RingBufferRead
                0x000000008001fc94                RingCreate
                0x000000008001ffa0                MessageDestroy
                0x000000008001ff00                MessageCreate
                0x00000000800200b8                MessageSend
                0x00000000800202f4                MessageReceiveWithTO
                0x000000008002021c                MessageDrop
                0x000000008001fd10                RingBufferWrite
                0x0000000080020560                MessageReceive
 .text          0x0000000080020584     0x1d04 ../../../libIPLAY/lib//libos.a(memory.o)
                0x0000000080020dfc                User_mem_init
                0x0000000080020d68                mem_free_task_mem
                0x00000000800217f4                ext_mem_get_free_space
                0x000000008002157c                MemLeakChk
                0x00000000800219ac                mem_mallocEx
                0x0000000080021794                ext_mem_calloc
                0x0000000080020bc0                mem_free
                0x0000000080020ed8                ker_mem_reallocm
                0x00000000800219cc                ext_mem_callocEx
                0x0000000080020850                mem_Zones
                0x0000000080020714                pool_free_task_mem
                0x00000000800218cc                ext_mem_check
                0x000000008002197c                mem_callocEx
                0x0000000080021774                ext_mem_malloc
                0x0000000080021894                ker_mem_free
                0x0000000080021a1c                MemoryAddressToInfo
                0x0000000080021a24                mem_freeEx
                0x0000000080021834                FreeTaskUserMem
                0x000000008002194c                SetDataCacheInvalid
                0x00000000800217b4                ext_mem_free
                0x000000008002190c                mem_Relink
                0x00000000800216fc                ext_mem_freeEx
                0x00000000800209d4                mem_malloc
                0x0000000080021864                ker_mem_init
                0x0000000080021754                mem_get_free_space_total
                0x0000000080020e54                ker_mem_malloc
                0x0000000080020c74                mem_reallocm
                0x0000000080021074                ker_mem_free_task_mem
                0x0000000080020584                pool_mem_free
                0x000000008002192c                ker_mem_Relink
                0x0000000080021404                MemPoolChk
                0x0000000080020fd8                ker_mem_get_free_space
                0x00000000800217d4                ext_mem_reallocm
                0x0000000080020acc                mem_calloc
                0x0000000080020d48                mem_get_free_space
                0x00000000800212fc                MemLinkChk
                0x0000000080021814                ext_mem_free_task_mem
                0x00000000800218ec                ker_mem_check
                0x00000000800219fc                ext_mem_mallocEx
                0x0000000080021124                MemLinkRelink
 .text          0x0000000080022288     0x1170 ../../../libIPLAY/lib//libos.a(systimer.o)
                0x000000008002236c                SystemTimerResume
                0x0000000080022544                SysTimerProcPause
                0x00000000800225dc                SysTimerProcResume
                0x00000000800228fc                SysTimerProcResumeById
                0x0000000080022c6c                SystemTimeCheck
                0x0000000080022ab8                SystemTimeSecToDateConv
                0x0000000080023018                bGetMaxDay
                0x00000000800223a8                GetSysTime
                0x0000000080022f2c                SystemGetTimeStamp
                0x00000000800230b8                SystemTimeGet
                0x0000000080023118                SystemTimeCompensatingVerify
                0x0000000080022330                SystemTimerPause
                0x00000000800223dc                SysTimerProcArgSet
                0x0000000080022f4c                SystemTimerInit
                0x00000000800228a4                SysTimerProcPauseById
                0x0000000080022fa0                LeapYearCheck
                0x0000000080022684                SysTimerProcReAdd
                0x0000000080022f80                SysTimerProcAdd
                0x000000008002295c                SysTimerProcArgSetById
                0x0000000080022dd4                SystemTimeAlarmSet
                0x0000000080022848                SysTimerProcRemoveById
                0x00000000800229c0                SystemTimeDateToSecConv
                0x000000008002248c                SysTimerProcRemove
                0x00000000800230e8                SystemTimeAlarmGet
                0x0000000080022d84                SystemTimeSet
                0x0000000080022f78                SystemTimerReInit
                0x0000000080022e88                get_elapsed_timeL
                0x0000000080022f18                SysTimerStatusGet
                0x00000000800223b4                SystemGetElapsedTime
                0x0000000080022e24                get_cur_timeL
 .text          0x00000000800233f8      0x3f8 ../../../libIPLAY/lib//libos.a(interrupt.o)
                0x00000000800233f8                DmaIntHandleRegister
                0x0000000080023688                DmaIntHandleRelease
                0x000000008002366c                DmaIntDis
                0x0000000080023650                DmaIntEna
                0x00000000800236a8                SystemIntEna
                0x0000000080023534                SystemInt
                0x0000000080023488                SystemIntHandleRegister
                0x00000000800236c4                SystemIntDis
                0x00000000800236e0                SystemIntHandleRelease
                0x0000000080023700                SystemIntInit
 .text          0x00000000800237f0     0x12cc ../../../libIPLAY/lib//libMcard.a(mcard.o)
                0x00000000800245c0                Mcard_GetDeviceNum
                0x0000000080024538                GetMcardDevTag4Usb
                0x0000000080023b04                Mcard_DeviceInit
                0x0000000080024638                Mcard_GetSectorSize
                0x00000000800240ac                CardFatalErrorNotify
                0x0000000080023ac0                Mcard_CurCardIDGetLun
                0x00000000800246bc                Mcard_GetDetected
                0x000000008002470c                Mcard_DeviceLunSet
                0x00000000800247ec                IspRead
                0x0000000080024884                RegisterCardDetectCB
                0x0000000080024680                Mcard_GetAllFlagPresent
                0x0000000080023c1c                Mcard_DeviceAsyncRawFormat
                0x0000000080023b90                Mcard_DeviceAsyncWait
                0x00000000800239cc                McardIsr
                0x00000000800245d0                Mcard_GetCapacity
                0x0000000080024544                DmaMcardIsr
                0x000000008002465c                Mcard_GetFlagPresent
                0x0000000080024820                IspWrite
                0x00000000800237f0                Mcard_Init
                0x0000000080023b64                Mcard_DeviceAsyncProgress
                0x0000000080023b3c                Mcard_DeviceRead
                0x0000000080024890                RegisterCardFatalErrorCB
                0x0000000080024580                Mcard_GetDevice
                0x00000000800246e8                Mcard_GetCardSubtype
                0x00000000800245f4                Mcard_CurLunGetCardID
                0x00000000800248a4                McardCardDetectionEnable
                0x0000000080024690                Mcard_GetFlagReadOnly
                0x0000000080024764                Mcard_DeviceRemove
                0x0000000080023e04                Mcard_DeviceAsyncWrite
                0x00000000800247c4                Mcard_DeviceWrite
                0x0000000080023cc0                Mcard_DeviceAsyncRead
                0x000000008002459c                Mcard_GetDescriptor
                0x0000000080024728                Mcard_DeviceClkConfig
                0x0000000080023f2c                IspGetInfo
                0x0000000080024854                IspBlockIsBad
                0x0000000080024614                Mcard_GetRenewCounter
                0x0000000080023fb4                IspEraseBlk
                0x000000008002479c                Mcard_DeviceRawFormat
                0x0000000080024500                Mcard_TypeSDCard
                0x000000008002489c                McardBootUpPowerOff
 .text          0x0000000080024abc     0x48f8 ../../../libIPLAY/lib//libMcard.a(NandFTL.o)
                0x0000000080024d84                NandFtlInit
                0x0000000080024abc                ftlGenLogicalAddr
                0x0000000080025508                NandGetWLInfoSize
                0x0000000080025328                NandInit
                0x000000008002545c                NandGetWLInfo
                0x00000000800253a4                NandSetWLInfo
                0x0000000080025500                DumpFTLTables
                0x0000000080025530                NandWLInfoUpdate
                0x0000000080024aec                NandFTLInfoInit
                0x00000000800254cc                NandIspInit
 .text          0x00000000800293b4     0x2a6c ../../../libIPLAY/lib//libMcard.a(NandPhyAdv_Mp650.o)
                0x0000000080029f80                GetNandGeometry
                0x00000000800298c8                NandPageWrite
                0x0000000080029ba8                badBlockMarkFirst
                0x00000000800294d0                NandPageRead
                0x000000008002a120                BootPageCheck
                0x000000008002a368                NandInfoDump
                0x0000000080029fc8                McardNandActive
                0x000000008002ab90                getNandInfo
                0x000000008002a970                NandFTLEccCheck
                0x000000008002a0b4                McardNandInactive
                0x0000000080029f48                GetNandAvailEccBit
                0x0000000080029eb0                NandBlockErase
                0x0000000080029ca8                badBlockMarkLast
                0x0000000080029454                CheckSpareContent
                0x0000000080029af8                NandPageCopy
                0x000000008002a43c                NandIdentify
                0x0000000080029db0                badBlockMark
                0x00000000800293b4                GetNandLogAddr
 .text          0x000000008002be20     0x1884 ../../../libIPLAY/lib//libMcard.a(SD.o)
                0x000000008002c150                SdInit
                0x000000008002c0e4                SdProgChk
                0x000000008002be20                ParsingSCR
                0x000000008002c1d8                DetermineSDSlotType
 .text          0x000000008002d6a4      0x968 ../../../libIPLAY/lib//libMcard.a(SdPhy_Mp650.o)
                0x000000008002daf0                SdHost_PhyTransfer
                0x000000008002dc7c                McardSdFreeDataPin
                0x000000008002d6a4                SdHost_WaitCardResponse
                0x000000008002dddc                SdHost_DataConfig
                0x000000008002dc04                SdHost_GetResponse
                0x000000008002dda4                McardSdInactive
                0x000000008002dd90                SdHost_SetHostBlkLen
                0x000000008002dcdc                McardSdActive
                0x000000008002d7e0                SdHost_WaitTransfer
                0x000000008002d9e8                SdHost_SendCmd
                0x000000008002dc54                SdHost_DmaReset
 .text          0x000000008002e00c      0xa80 ../../../libIPLAY/lib//libMcard.a(Uti.o)
                0x000000008002e97c                McardPduDisable
                0x000000008002e154                GeneratePLLClockTab
                0x000000008002e908                McardHwConfig
                0x000000008002e52c                McardPowerPinConfig
                0x000000008002e974                SDPin_Data_Get
                0x000000008002e0cc                Mcard_TaskYield
                0x000000008002e308                SetSD2Clock
                0x000000008002e134                CalValue2Exp
                0x000000008002e86c                McardPduEnable
                0x000000008002e944                SdHost_GetCardWP
                0x000000008002e00c                MemDump
                0x000000008002e6dc                McardPowerOff
                0x000000008002e364                McardSelect
                0x000000008002e240                GetMcardClock
                0x000000008002e44c                McardDeselect
                0x000000008002e93c                SDPin_WP_Get
                0x000000008002e2a8                SetMcardClock
                0x000000008002e574                McardPowerOn
 .text          0x000000008002ea8c      0x120 ../../../libIPLAY/lib//libMcard.a(NandIdIdentify.o)
                0x000000008002ea8c                NandIdPaserFunInit
 .text          0x000000008002ebac     0x3fac ../../../libIPLAY/lib//libfile.a(dir.o)
                0x0000000080031a68                NextNode
                0x0000000080031e04                GetDeletedNode
                0x0000000080031f00                DirNext
                0x000000008002ed14                PathAPI__MakeDir
                0x00000000800320c8                DirLast
                0x000000008002ebac                PathAPI__Cd_Path
                0x0000000080032a28                RestoreDirNodePosition
                0x00000000800327e0                Unlink
                0x0000000080032af8                GetRootDirSize
                0x000000008002f8e0                MakeDir
                0x00000000800312a8                DeleteAllContentWithinDir
                0x0000000080031e50                DirFirst
                0x000000008002f0c4                PathAPI__RemoveDir_UTF16
                0x0000000080031b58                GetNewNode
                0x0000000080031548                DirCaching
                0x000000008003272c                FdbCopy
                0x0000000080031c38                NextDeletedNode
                0x0000000080031f84                DirPrevious
                0x000000008002f430                PathAPI__GetEntriesCountInDir_UTF16
                0x0000000080031940                FirstNode
                0x000000008002ec60                PathAPI__Cd_Path_UTF16
                0x000000008002edd4                PathAPI__MakeDir_UTF16
                0x00000000800303d4                MakeDir_UTF16
                0x000000008002f5c8                UpdateChain
                0x000000008002f680                CdSub
                0x00000000800310bc                DeleteDir
                0x000000008003167c                FileDirCaching
                0x000000008003213c                ScanFileName
                0x0000000080032988                SaveCurrentDirNodePosition
                0x00000000800317ac                DirReset
                0x000000008002f298                PathAPI__GetEntriesCountInDir
                0x0000000080032424                LongNameCopy
                0x0000000080031418                DirCaching_for_DirChain
                0x00000000800319c4                PreviousNode
                0x000000008002ee94                PathAPI__RemoveDir
                0x0000000080031c20                CheckDeletedCount
                0x000000008002f7f4                CdParent
 .text          0x0000000080032b58     0x2298 ../../../libIPLAY/lib//libfile.a(chain.o)
                0x0000000080034008                ChainWrite
                0x0000000080032f80                ChainSeekSet
                0x0000000080032b58                SectorClear
                0x0000000080033100                ChainSeekForward
                0x0000000080034370                ChainFragmentWrite
                0x0000000080032d60                LoadAlien16
                0x00000000800339e8                ChainExtending
                0x0000000080032ca8                LoadUnalign16
                0x0000000080034564                ChainFree
                0x0000000080032db4                SaveAlien16
                0x0000000080032cfc                LoadUnalign32
                0x0000000080032edc                Is_ChainPoint_EOC_and_At_Boundary
                0x00000000800333d4                ChainSeek
                0x00000000800334dc                ChainChangeSize
                0x0000000080032e08                SaveAlien32
                0x0000000080034b78                GetChainTotalSizeByTraverseFatTable
                0x0000000080033e98                ChainRead
                0x0000000080034744                ChainFreeToReserveStartCluster
                0x00000000800341bc                ChainFragmentRead
                0x0000000080033bb4                ChainGetContinuity
                0x0000000080033db4                ChainGetLba
                0x0000000080034838                ChainCopy
                0x0000000080032c54                ChainInit
                0x0000000080032e68                LoadAlienArray16
                0x0000000080032fd0                ChainSeekEnd
 .text          0x0000000080034df0     0x444c ../../../libIPLAY/lib//libfile.a(drive.o)
                0x0000000080035b44                DriveTotalSizeGet
                0x00000000800359d8                DriveFreeClustersCountGet
                0x00000000800357e0                DriveChange
                0x00000000800355cc                SingleDriveDelete
                0x0000000080035ad4                DriveSetcorSizeGet
                0x0000000080035bb8                DriveNewClusGet
                0x00000000800364dc                DriveRead
                0x0000000080037fec                Read_AllocBitmapEntry
                0x0000000080035d94                QuickFormat
                0x0000000080035948                DriveCountUpdate
                0x0000000080036000                DriveRefresh
                0x0000000080037570                GetDrvPartitionInfoFromMBR
                0x0000000080036284                DriveWrite
                0x0000000080037b04                DumpDevPartitionTableFromMBR
                0x00000000800380f4                Set_AllocBitmapEntry
                0x0000000080035a80                DriveFreeSizeGet
                0x0000000080038250                DriveCurIdGet
                0x0000000080035330                DriveDelete
                0x00000000800358b8                DriveGet
                0x0000000080034df0                DriveHandleCopy
                0x0000000080037e94                SetDrvPresentFlag
                0x0000000080034f3c                DriveAdd
                0x0000000080034e90                FileSystemInit
                0x000000008003825c                DriveCountGet
                0x00000000800366e8                FatCaching
                0x00000000800374f0                RenewAllDrv
 .text          0x000000008003923c     0xc260 ../../../libIPLAY/lib//libfile.a(file.o)
                0x00000000800404b4                GetFilenameOfCurrentNode
                0x0000000080044e88                FreeFileHandleCountGet
                0x000000008004316c                GetMovieFileStatistics
                0x000000008003aef4                PathAPI__GetFileAttributeAndTimeInfo
                0x000000008003da70                EndOfFile
                0x000000008003dbb4                FilePosGet
                0x000000008003ab10                PathAPI__CreateFile_UTF16
                0x000000008003d86c                DeleteFile
                0x000000008003ed04                FileSearch
                0x000000008003ade8                PathAPI__RemoveFile_UTF16
                0x000000008003d9fc                SeekSet
                0x00000000800434a4                FileSetDate_for_FATxx
                0x000000008003b4b8                RamFileAlloc
                0x00000000800449b8                Test_CreateFolder_UTF16
                0x000000008003dbc0                FileSizeGet
                0x0000000080043508                FileSetTime_for_FATxx
                0x0000000080041b9c                BuildNewFDB
                0x0000000080043114                GetAudioFileStatistics
                0x000000008003b314                FileOpen
                0x000000008003b8c8                FileForceSync
                0x000000008003b5a4                FileClose
                0x000000008004415c                Test_OpenFileByNameForRead
                0x000000008003cbec                CreateFile_UTF16
                0x00000000800432a4                Segmentize
                0x0000000080041980                BuildNewLName
                0x0000000080044a84                Test_File_NonAlignedBuffer_DMA_WrongDataIssue
                0x0000000080042724                DirectoryCopy
                0x000000008003fc94                FileExtRename
                0x00000000800430bc                GetImageFileStatistics
                0x0000000080044354                Test_CreateAndWriteFileByName
                0x0000000080043560                SetCurFileSortingBasis
                0x000000008003baf0                BuildNewAsciiFilename
                0x000000008003a8fc                PathAPI__CreateFile
                0x000000008003daec                Fseek
                0x0000000080040fec                GetFileAttributeAndTimeInfoFromFDB
                0x000000008003b12c                PathAPI__GetFileAttributeAndTimeInfo_UTF16
                0x000000008003a3ec                PathAPI__Fopen
                0x0000000080041e64                FileCopy
                0x00000000800415bc                Locate_DirEntryNode_of_SearchInfo
                0x0000000080040338                FileGetLongName
                0x000000008003eae8                FileSearchLN
                0x000000008003b9d8                File_ReleaseSpace_For_OverwriteContent
                0x000000008003b7e0                FileClose_NoWriteBack
                0x000000008003e9e4                FileGetMediaType
                0x000000008004137c                FileListOpen
                0x0000000080044784                Test_CreateAndWriteFileByName_UTF16_WriteBufferData
                0x00000000800431c4                GetFreeFileHandle
                0x000000008003923c                StreamInit
                0x0000000080043428                FileGetTime_for_FATxx
                0x000000008003e54c                FileChain_AdjustSize_TrimExtraClusters
                0x0000000080040234                FileSort
                0x0000000080042e14                DriveCopyAllFiles
                0x000000008003c0d8                CreateFile
                0x00000000800392b0                PathAPI__Locate_Path
                0x00000000800418c0                FillUniNumber
                0x000000008003f0c0                FileExtSearch
                0x000000008003dfd8                FileWrite_withWriteBack_FileSize
                0x0000000080041298                DeleteFileOrFolderOfCurrentFDB
                0x000000008003acdc                PathAPI__RemoveFile
                0x0000000080039aec                PathAPI__Locate_Path_UTF16
                0x0000000080040cb4                GetAsciiShortFilenameOfCurrentNode
                0x0000000080043fc8                CheckSpaceIfEnough
                0x0000000080043608                QuickSort
                0x000000008003dbcc                FileWrite
                0x00000000800433a4                FileGetDate_for_FATxx
                0x00000000800444c8                Test_CreateAndWriteFileByName_UTF16
                0x000000008003d928                Seek
                0x000000008003a680                PathAPI__Fopen_UTF16
                0x000000008004461c                Test_CreateAndWriteFileByName_WriteBufferData
                0x000000008003f9dc                FileExtSearchOpen
                0x00000000800448cc                Test_CreateFolder
                0x000000008003e6f0                FileRead
                0x0000000080044e98                GetCurFileSortingBasis
                0x0000000080044e7c                FileUiUpdateIconAniFunPtrRegister
 .text          0x000000008004549c     0x308c ../../../libIPLAY/lib//libfile.a(Format.o)
                0x000000008004549c                Fat32_Format
                0x00000000800461e4                Drive_Formatting
                0x00000000800462ac                DiskPartitioning_WithMaxTwoPartitions
                0x0000000080045db0                Fat12_Format
                0x0000000080046714                CreateNewDiskPartition
                0x0000000080045964                Fat16_Format
 .text          0x0000000080048528     0x186c ../../../libIPLAY/lib//libfile.a(filebrowser.o)
                0x0000000080049d88                fbrowser_xpgChangeDriveFunctionRegister
                0x0000000080049578                FileBrowserGetCurIndex
                0x0000000080049b5c                FileBrowserDeleteFile
                0x0000000080049778                FileGetSearchInfo
                0x0000000080049110                FileBrowserSearchNextAudio
                0x0000000080048590                FileBrowserGetCurDrive
                0x0000000080049704                FileBrowserGetCurFileType
                0x0000000080048d90                FileBrowserGetFileName
                0x0000000080049d7c                fbrowser_xpgUpdateIconAniFunctionRegister
                0x0000000080048684                FileBrowserInitExtArray
                0x0000000080048528                FileBrowserResetFileList
                0x0000000080049690                FileBrowserGetFileType
                0x0000000080049548                FileBrowserGetTotalFile
                0x0000000080048bb8                FileBrowserListAllFileName
                0x00000000800485e4                FileBrowserCheckCurDrive
                0x00000000800493d4                FileListSetCurIndex
                0x0000000080048ae4                FileBrowserScanFileList
                0x00000000800491e4                FileBrowserSearchNextImage
                0x0000000080048734                DoSearch
                0x0000000080048900                FileChangeDirAndResearch
                0x00000000800497f0                FileGetCurSearchInfo
                0x0000000080049d70                fbrowser_xpgClearCatchFunctionRegister
                0x0000000080049480                FileListAddCurIndex
                0x0000000080049818                FileBrowserCopyFile
                0x00000000800495a8                FileGetCurLyricInfo
                0x000000008004933c                FileBrowser_GetCurImageFile
 .text          0x0000000080049d94     0x1464 ../../../libIPLAY/lib//libperipheral.a(hal_gpio.o)
                0x000000008004a0d0                Gpio_ValueGet
                0x000000008004ae50                Gpio_Config2GpioFunc
                0x000000008004a624                Gpio_IntConfigGet
                0x000000008004acd0                GetGPIOPinIndex
                0x0000000080049d94                Gpio_DefaultSettingSet
                0x000000008004a100                Gpio_ConfiguraionSet
                0x000000008004a2ac                Gpio_ConfigurationGet
                0x0000000080049f24                Gpio_DataSet
                0x000000008004a774                Gpio_IntEnable
                0x000000008004a3d8                Gpio_IntInit
                0x000000008004aea8                Gpio_GpioInstallStatus
                0x000000008004a348                Gpio_DirectionGet
                0x000000008004a00c                Gpio_DataGet
                0x000000008004adc8                GetGpioIntIndexByGpioPinNum
                0x000000008004abc4                QuickGetGPIOValue
                0x000000008004a82c                Gpio_IntDisable
                0x000000008004a954                SetGPIOValue
                0x000000008004a52c                Gpio_IntConfig
                0x000000008004a708                Gpio_IntCallbackFunRegister
                0x000000008004aa74                GetGPIOValue
 .text          0x000000008004b1f8      0xd84 ../../../libIPLAY/lib//libperipheral.a(hal_mmcp.o)
                0x000000008004b730                mmcp_block_polling
                0x000000008004b6fc                mmcp_block
                0x000000008004b2bc                mmcp_memcpy_polling
                0x000000008004b27c                mmcp_memcpy
                0x000000008004b6a0                mmcp_memset
                0x000000008004b52c                mmcp_memset_u32
 .text          0x000000008004bf7c      0xcf4 ../../../libIPLAY/lib//libperipheral.a(hal_rtc.o)
                0x000000008004c064                RTC_AlarmEnableSet
                0x000000008004cb54                RTC_LowPowerEnable
                0x000000008004c974                RTC_SetExt0
                0x000000008004cb8c                RTC_ReadCount
                0x000000008004cb64                RTC_ReadAlarm
                0x000000008004bf7c                RTC_AlarmSet
                0x000000008004cba0                RTC_SetReservedCount
                0x000000008004c4bc                RTC_SecCountToleranceAdj
                0x000000008004cb78                RTC_ReadExt0
                0x000000008004c7b8                RTC_SetExt1
                0x000000008004c39c                RTC_AlarmIeEnableSet
                0x000000008004c2d0                RTC_RAlarmModeSet
                0x000000008004cb5c                RTC_InternalLdoEnable
                0x000000008004cbac                RTC_ReadReservedCount
                0x000000008004cb30                RTC_RegisterRtcIsrCallback
                0x000000008004c204                RTC_AlarmOutSet
                0x000000008004c5f4                RTC_SetCount
 .text          0x000000008004cc70      0x534 ../../../libIPLAY/lib//libsystem.a(SystemConfig.o)
                0x000000008004d140                SystemGetStatus
                0x000000008004cca8                DriveIndex2PhyDevID
                0x000000008004cfac                SystemPanelPixelClockGet
                0x000000008004d124                SystemClearStatus
                0x000000008004d158                SystemClearErrMsg
                0x000000008004d108                SystemSetStatus
                0x000000008004d0b8                SystemPanelSizeGet
                0x000000008004cf60                SystemSetErrEvent
                0x000000008004cda0                DeviceIndex2DrvName
                0x000000008004d164                SystemSetErrMsg
                0x000000008004cc70                PhyDevID2DriveIndex
                0x000000008004cce4                DriveName2DrvIndexID
                0x000000008004cde0                SystemConfigInit
                0x000000008004cd5c                DriveIndex2DrvName
 .text          0x000000008004d1a4      0x438 ../../../libIPLAY/lib//libsystem.a(SystemMemory.o)
                0x000000008004d4c8                SystemGetMemAddr
                0x000000008004d1a4                SystemMemoryMapInit
                0x000000008004d524                SystemSetMemSize
                0x000000008004d504                SystemGetMemSize
                0x000000008004d468                SystemMemoryAllocAlignDW
                0x000000008004d4e8                SystemSetMemAddr
 .text          0x000000008004d5dc      0x7d0 ../../../libIPLAY/lib//libsystem.a(SystemDrive.o)
                0x000000008004dd6c                SystemCardDetectCtrlMode
                0x000000008004d818                SystemCardFatalErrorEventSet
                0x000000008004dbe4                SystemDeviceInit
                0x000000008004daa4                SystemCardPresentCheck
                0x000000008004d908                SystemCardEvent2DrvIdGet
                0x000000008004da04                SystemCardOutCheck
                0x000000008004dc48                SystemDeviceRemove
                0x000000008004dd98                SystemCardCtrlModeGet
                0x000000008004da44                SystemCardPlugInCheck
                0x000000008004db04                SystemCardSubtypeGet
                0x000000008004dd40                SystemCardProtectCtrlMode
                0x000000008004dd0c                SystemCardExceptionRegister
                0x000000008004dcac                SystemGetFlagReadOnly
                0x000000008004db74                SystemDeviceRawFormat
                0x000000008004d6c4                SystemCardEventSet
                0x000000008004dda4                SystemCardStatusPollingEnable
 .text          0x000000008004ddac     0x10c8 ../../../libIPLAY/lib//libsystem.a(global612.o)
                0x000000008004e96c                PollWord
                0x000000008004e778                U32CharToU8Buff
                0x000000008004ec20                UTF8ToDCharS2
                0x000000008004ea8c                isUTF8Style2
                0x000000008004ec18                UTF8ToDCharS1
                0x000000008004e9dc                _PollRegister32
                0x000000008004e8bc                ScalerClockReduce
                0x000000008004e2dc                GetRelativeMs
                0x000000008004eb04                isUTF8Style4
                0x000000008004ebb0                isUTF8Style6
                0x000000008004e934                PollByte
                0x000000008004ea7c                isUTF8Style1
                0x000000008004e370                Polling_Event
                0x000000008004ea5c                SystemExceptionInit
                0x000000008004e310                SystemPollingEventIdSet
                0x000000008004e468                U8BuffToU32Char
                0x000000008004e88c                SystemChkChipVer
                0x000000008004eac0                isUTF8Style3
                0x000000008004ec80                UTF8ToDCharS5
                0x000000008004ec54                UTF8ToDCharS4
                0x000000008004e9a4                PollDWord
                0x000000008004ea1c                _BusyPollRegister32
                0x000000008004ecbc                UTF8ToDCharS6
                0x000000008004e330                SystemPollingEventHandlerRegister
                0x000000008004ddac                GetSystemErrMsg
                0x000000008004e8f8                ScalerClockReset
                0x000000008004ec34                UTF8ToDCharS3
                0x000000008004eb54                isUTF8Style5
 .text          0x000000008004ee74     0x229c ../../../libIPLAY/lib//libsystem.a(ISP_Nand.o)
                0x00000000800506c0                IspFunc_WriteFST
                0x000000008004f110                NandIspGetStartAddr
                0x00000000800505c0                ISP_NandInit
                0x000000008004ee74                checkNandIspRegion
                0x000000008004fd84                NandEraseFatArea
                0x00000000800501dc                NandCodeBackup
                0x000000008004efe0                ISP_NandBlockRegister
                0x000000008004f9b8                IspFunc_GetMPAPSize
                0x0000000080050614                IspFunc_ReadAP
                0x000000008004f0b4                UnRegisterNandIspBlock
                0x0000000080050694                IspFunc_ReadUST
                0x000000008004feb4                NandCodeCheck
                0x000000008005065c                IspFunc_WriteUST
                0x00000000800505b4                ISP_SetNandReservedSize
                0x00000000800505a8                ISP_GetNandReservedSize
                0x00000000800506f0                IspFunc_ReadFST
                0x000000008004fab4                IspFunc_GetRESOURCESize
                0x000000008004efc4                xpgDumpNandIspBlock
                0x000000008004f374                IspFunc_ReadMPAP
                0x0000000080050638                IspFunc_ReadRES
                0x000000008005071c                NandEraseAll
                0x000000008004f608                IspFunc_ReadRESOURCE
                0x00000000800505f4                IspFunc_Read
                0x000000008004f2b0                IspFunc_Write
                0x000000008004f148                NandIspRealRead
                0x000000008004fc58                NandEraseCodeArea
 .text          0x0000000080051110      0x2b4 ../../../libIPLAY/lib//libsystem.a(McardDevInfo.o)
                0x0000000080051110                McardDevInfoStore
                0x00000000800512b8                McardDevInfoLoad
 .text          0x00000000800513c4      0xce0 ../../../libIPLAY/lib//libsystem.a(SetTabFunc.o)
                0x0000000080051c60                Sys_SettingTableDump
                0x0000000080051a10                Sys_SettingTablePut
                0x00000000800517a4                Sys_SettingTableClose
                0x0000000080051878                Sys_SettingTableGet
                0x0000000080051c80                Sys_SettingTableClean
                0x00000000800513c4                Sys_SettingTableOpen
 .text          0x00000000800520a4       0x2c ../../lib//libui.a(uigpio.o)
                0x00000000800520c0                Ui_UsbdSetMode
                0x00000000800520b4                Ui_GetKey
                0x00000000800520c8                Ui_UsbdDetectEvent
                0x00000000800520a4                Ui_SetKey
 .text          0x00000000800520d0      0x8a4 ../../lib//libui.a(uiTouchCtrller.o)
                0x0000000080052188                TouchCtrllerInit
                0x0000000080052940                touchSprite_List
                0x00000000800521b8                uiTouchMsgReceiver
                0x0000000080052928                touchSprite_Title
                0x0000000080052240                touchSprite_Icon
                0x00000000800520d0                TouchCtrllerCalProcess
                0x000000008005296c                touchSprite_Dialog
                0x0000000080052920                touchSprite_Mask
                0x0000000080052918                touchSprite_DarkIcon
                0x0000000080052784                uiDispatchTouchSprite
                0x00000000800524b8                touchSprite_CloseIcon
                0x00000000800528e4                uiTouchCtrllerCallback
                0x0000000080052938                touchSprite_Text
                0x0000000080052910                touchSprite_LightIcon
                0x0000000080052354                touchSprite_BackIcon
                0x0000000080052540                touchSprite_Selector
                0x0000000080052930                touchSprite_Aside
                0x0000000080052908                touchSprite_Background
 .text          0x0000000080052974     0x2948 ../../../libIPLAY/lib//libdisplay.a(idu.o)
                0x0000000080054f18                Idu_Chg_422_Mode
                0x0000000080053444                Idu_ClockInit
                0x0000000080053dc0                Idu_DTD_VG_Off
                0x000000008005301c                ImgDisplayON
                0x0000000080053d30                Idu_InternalATCONInit
                0x0000000080052ea4                Idu_WinDmaInit
                0x0000000080055234                MP650_FPGA_Change_DMA_Priority_IDU
                0x0000000080053e64                Idu_DTDOff
                0x0000000080055254                MP650_Set_DMA_Request_Limit
                0x00000000800552ac                IDU_Show_Original_Color
                0x000000008005507c                Idu_Bypass2DMA
                0x0000000080052974                Idu_ChgWin
                0x0000000080053080                Idu_DisplayON
                0x0000000080054620                DmaIduIsr
                0x0000000080053da0                Idu_DTD_VG_On
                0x00000000800531f4                Idu_DisplayOff
                0x0000000080053d44                Idu_SetDACClk
                0x0000000080053e8c                Idu_RGB24ModeInit
                0x0000000080052fa4                Idu_ChkBusWidth
                0x0000000080054f24                Idu_GetIs444Mode
                0x0000000080053d38                Idu_GetDtdRegSetting
                0x0000000080054f08                Idu_Chg_444_Mode
                0x0000000080053278                Idu_TableSearch
                0x0000000080054ae4                Idu_SetContrastBrightness
                0x0000000080053de0                Idu_DTDInit
                0x00000000800551e0                Idu_SetCSC
                0x0000000080054288                IduInit
                0x00000000800539ec                Idu_InternelTCONInit
                0x0000000080054f30                Idu_DMA2Bypass
                0x0000000080055270                IDU_Show_BG_Color_Black
                0x0000000080054470                DisplayInit
                0x0000000080052dbc                Idu_WaitBufferEnd
 .text          0x00000000800552bc      0xeb4 ../../../libIPLAY/lib//libdisplay.a(osd.o)
                0x0000000080055884                Idu_OsdSetPalette
                0x00000000800552bc                Idu_OSDWinInit
                0x0000000080055d34                Idu_OsdPutChar_1X
                0x0000000080055308                Idu_OsdDMAInit
                0x0000000080055940                Idu_OsdPutRectangle
                0x00000000800558d8                Idu_OsdOnOff
                0x0000000080055790                Idu_OsdPutStrWithSize
                0x0000000080055498                Idu_OsdDMAOn
                0x0000000080055a84                Idu_OsdPutChar_4X
                0x0000000080055838                Idu_GetOsdWin
                0x0000000080055a14                Idu_OSDInit
                0x0000000080055908                Idu_OsdErase
                0x0000000080056048                Idu_OsdDrawBar
                0x00000000800557e4                Idu_OSDPrint
                0x000000008005585c                Idu_OsdSetDefaultPalette
 .text          0x0000000080056170      0x2e8 ../../../libIPLAY/lib//libdisplay.a(osd4.o)
                0x00000000800561c8                Idu_OsdChangeBlending
                0x0000000080056230                Idu_OsdPaintArea
                0x0000000080056170                Idu_OsdPaletteInit
                0x00000000800563cc                Idu_OsdPaintVColorBar
 .text          0x0000000080056458      0x51c ../../../libIPLAY/lib//libdisplay.a(fontdisp.o)
                0x0000000080056934                IduFontGetBlankWidth
                0x0000000080056704                OsdFontGetFontAlignment
                0x000000008005667c                IduFontIsNewTabFont
                0x00000000800566e0                IduFontGetFontAlignment
                0x0000000080056744                IduFontGetMaxHeight
                0x00000000800565e8                OsdFontGetBitPerPixel
                0x0000000080056768                OsdFontGetMaxHeight
                0x00000000800565a4                GetOsdFontDataStartAddress
                0x00000000800565b4                IduFontGetBitPerPixel
                0x0000000080056544                SetCurrIduFontID
                0x00000000800566a0                OsdFontIsNewTabFont
                0x0000000080056594                GetIduFontDataStartAddress
                0x0000000080056944                OsdFontGetBlankWidth
                0x000000008005656c                SetCurrOsdFontID
                0x0000000080056894                IduFontGetCharBitmapAddr
                0x0000000080056468                GetCurrOsdFontID
                0x0000000080056458                GetCurrIduFontID
                0x00000000800568e4                IduFontGetCharWidth
                0x00000000800568bc                OsdFontGetCharBitmapAddr
                0x0000000080056954                FontInit
 .text          0x0000000080056974     0x1728 ../../../libIPLAY/lib//libdisplay.a(imgWin.o)
                0x0000000080056dc0                WinToWin
                0x0000000080057664                PaintAllColorBar
                0x0000000080057aa4                PaintHColorBar
                0x0000000080057124                Idu_PaintWin
                0x0000000080057008                ImgPaintArea
                0x00000000800576c8                PaintGrayScaleColorBar
                0x0000000080056c90                Idu_GetCurrWin
                0x0000000080056e70                WinCopy
                0x0000000080057cc4                PaintMixColorBar
                0x0000000080057460                PaintVColorBar
                0x0000000080056b74                RGB2RGB888
                0x00000000800572a0                Idu_PaintWinData
                0x00000000800571d4                Idu_GetWinData
                0x0000000080056bf4                InitWins
                0x0000000080056cc8                Idu_GetNextWin
                0x0000000080056974                RGB2YUV
                0x0000000080056d88                Idu_ResetWinClipRegion
                0x00000000800570d8                ImgSetPoint
                0x0000000080056d00                Idu_SetWinClipRegion
                0x000000008005736c                Idu_PaintWinArea
                0x0000000080056b94                RGB2RGB565
                0x0000000080056a74                RGB2YVU
                0x0000000080056bb8                ImgWinInit
 .text          0x000000008005809c      0x9c0 ../../../libIPLAY/lib//libdisplay.a(imgString.o)
                0x0000000080058878                ImgPutChar
                0x00000000800580ac                ChangeFontSize2Nonfix
                0x000000008005809c                ChangFontSize2Fix
                0x000000008005889c                Idu_GetSystemFontColor
                0x000000008005893c                Idu_FontColorSet
                0x00000000800580b8                ImgPutChar_GrayFont
                0x0000000080058930                Idu_SetFontYUV
                0x00000000800588ec                Idu_SetFontColor
                0x00000000800588a8                Idu_GetFontColor
                0x0000000080058968                Idu_PrintStringWithSize
 .text          0x0000000080058a5c      0x3e0 ../../../libIPLAY/lib//libdisplay.a(Font.o)
                0x0000000080058cb4                Font_Draw_OSD
                0x0000000080058a5c                Str_Length
                0x0000000080058ae4                Font_Draw
 .text          0x0000000080058e3c     0x4d88 ../../../libIPLAY/lib//libdisplay.a(scaler_650.o)
                0x0000000080058e3c                Set_Bypass_Overlay_Param
                0x000000008005b918                image_scale_mjpg_bypass
                0x000000008005d854                Auto_Chase_Scaling
                0x000000008005b6e8                image_scale_mpv2mem
                0x000000008005904c                ipu_reset
                0x0000000080058e4c                Clear_Bypass_Overlay_Param
                0x000000008005c600                ipu_overlay_650_blend
                0x0000000080058e64                MP650_FPGA_Change_DMA_Priority_IPU
                0x000000008005cd38                Bypass_Overlay
                0x000000008005d5fc                image_scale
                0x000000008005cc78                image_overlay
                0x000000008005b1d4                image_scale_mpv_bypass
                0x000000008005dbac                Bypass_Show_WallPaper
                0x000000008005c378                image_scale_non_filter
                0x000000008005a6d0                ipu_overlay_bypass_scale_650
                0x00000000800593dc                ScalerIsr
                0x000000008005db94                Bypass_Overlay_Show_Main_Win
                0x00000000800594b4                SetScaleForZoom
                0x0000000080058e58                GetScalerPara
 .text          0x000000008005dbc4      0x6c4 ../../../libIPLAY/lib//libdisplay.a(hal_ipu.o)
                0x000000008005dfe4                Ipu_SetBlackWitheEffect
                0x000000008005dcf0                Ipu_Crayon
                0x000000008005e1a0                Ipu_SetSpecialFumc
                0x000000008005ded8                Ipu_SetBrightness
                0x000000008005de54                Ipu_SetEdgeFumc
                0x000000008005df60                Ipu_SetCbCrOffset
                0x000000008005e208                Ipu_SetYGammaTable
                0x000000008005dbc4                Ipu_SetHueSaturation
                0x000000008005df94                Ipu_SetIpuGlobalEnable
                0x000000008005ddb8                Ipu_SetAutoEdgeFumc
                0x000000008005df00                Ipu_SetContrast
                0x000000008005dcc0                Ipu_Sketch
                0x000000008005dea8                Ipu_SetBlur
                0x000000008005e12c                Ipu_SetSEBIANEffect
                0x000000008005e068                Ipu_SetHighGainEffect
                0x000000008005e1dc                Ipu_SetYGammaEnable
                0x000000008005dd68                Ipu_CSC1Set
                0x000000008005e0b8                Ipu_SetColorMixEffect
                0x000000008005dd20                Ipu_CSC0Set
 .text          0x000000008005e288      0x900 ../../../libIPLAY/lib//libsensor.a(sensor_manager.o)
                0x000000008005e904                Api_Clear_PCCAM_SwitchBuf_flag
                0x000000008005e7ec                API_Open_IPW1
                0x000000008005ea04                API_SensorUsb_GetShareBuf_status
                0x000000008005ea24                API_SensorUsb_SetEmptyFlag
                0x000000008005e528                API_SetSensorWindow
                0x000000008005e7a8                API_Close_Write_Into_EncBuf
                0x000000008005e894                API_Set_PCCAM_GetReadyBufCnt
                0x000000008005e744                Get_Display_flag
                0x000000008005e438                SetSensorInterfaceMode
                0x000000008005e3d8                SetSensorOverlayEnable
                0x000000008005e714                Set_Display_flag
                0x000000008005e830                API_Close_IPW1
                0x000000008005e4c0                API_Sensor_Initial
                0x000000008005eadc                API_SensorUsbGetShareBufInfo
                0x000000008005e288                API_Sensor_Stop
                0x000000008005e990                API_SensorUsb_EnableShareBuf
                0x000000008005ea64                API_SensorUsb_ClrEmptyFlag
                0x000000008005eaa0                API_SensorUsb_GetEmptyFlag
                0x000000008005eb14                API_SensorUsbSetShareBufInfo
                0x000000008005e944                API_Set_PCCAM_ReadyBuf_state
                0x000000008005e8c0                Api_Get_PCCAM_SwitchBuf_flag
                0x000000008005e874                API_PCCAM_GetReadyBufCnt
                0x000000008005e408                SetImageSize
                0x000000008005e468                Drive_Sensor
                0x000000008005e764                API_Open_Write_Into_EncBuf
                0x000000008005e6d0                Sensor_Input_Enable
                0x000000008005e924                API_Get_PCCAM_ReadyBuf_state
                0x000000008005e8e0                Api_Set_PCCAM_SwitchBuf_flag
                0x000000008005e9cc                API_SensorUsb_DisableShareBuf
                0x000000008005e970                API_SensorUsbUsedBufNum
 .text          0x000000008005eb88     0x2770 ../../../libIPLAY/lib//libsensor.a(sensor_driver_NT99140.o)
                0x000000008005ecfc                __sensor_nt99140_i2c_data_input
                0x000000008005ec80                __sensor_nt99140_i2c_data_output
                0x000000008005ec04                __sensor_nt99140_i2c_data_low
                0x000000008005eee8                __sensor_nt99140_i2c_clk_output
                0x000000008005f2d8                sensor_nt99140_GPIO_Init
                0x000000008005eb88                __sensor_nt99140_i2c_data_high
                0x000000008005ed80                __sensor_nt99140_i2c_read_data
                0x0000000080061214                Drive_Sensor_NT99140
                0x0000000080060d14                SetBWmodeOnOff
                0x000000008005edf0                __sensor_nt99140_i2c_clk_high
                0x000000008005ee6c                __sensor_nt99140_i2c_clk_low
                0x000000008005ef64                __sensor_nt99140_i2c_clk_input
 .text          0x00000000800612f8     0x1b50 ../../../libIPLAY/lib//libsensor.a(sensor_NT99140.o)
                0x0000000080062528                Local_Sensor_GPIO_Reset
                0x0000000080062a2c                Sensor_Setup
                0x0000000080062a70                Global_Sensor_Initial_NT99140
                0x0000000080061520                Sensor_CurChannel_Get
                0x000000008006282c                Init_Sensor_Record_Win
                0x00000000800614b8                Sensor_DisplayMode_Set
                0x00000000800614f0                Sensor_CacheWin_Set
                0x00000000800612f8                Sensor_DisplayWindow_Set
                0x00000000800629a4                Sensor_Start
                0x0000000080061540                Sensor_ChangeIO_Init
                0x0000000080061570                Sensor_Channel_Set
 .text          0x0000000080062e48     0x4b70 ../../../libIPLAY/lib//libimage.a(jpeg_hal.o)
                0x0000000080062ed0                CduDecodeEnable
                0x0000000080063008                Jpg_Marker_SOF0
                0x0000000080062ebc                CduCheckEnabled
                0x0000000080066b38                Jpg_Cdu_Decode_650
                0x00000000800653b8                Jpg_GetReadTargetHeight
                0x0000000080065340                Jpg_GetTargetWidth
                0x0000000080064630                Jpg_Cdu_Wait_Time
                0x0000000080062f74                JpegDelay
                0x00000000800641c0                Jpg_CheckImageSize
                0x000000008006320c                Jpg_Marker_DHT
                0x0000000080063600                Jpg_Parse_Marker
                0x0000000080066734                Jpg_Cdu_Decode_One
                0x0000000080064e88                Jpg_Decoder_CduDecode
                0x0000000080063f54                GetRatioOver
                0x0000000080066724                SetJpegDecoder422
                0x0000000080064454                Jpg_SetRotateDecodedSize
                0x0000000080063484                Jpg_Marker_DQT
                0x0000000080065308                Jpg_CloseJpegFile
                0x000000008006544c                Jpg_Cdu_Decode_DChase
                0x00000000800664cc                WaitBuffEmpty
                0x0000000080063c94                Jpg_CheckQtTable
                0x0000000080065288                Jpg_OpenJpegBuffer
                0x0000000080062e88                Jpg_DC_Controller_Free
                0x0000000080066674                Adjust_RotateMCU
                0x0000000080066440                Reset_CDU_ISR_Count
                0x00000000800653cc                Img_Jpeg2ImgBuf
                0x0000000080063aa4                Jpg_InitTables
                0x0000000080063d34                Jpg_SetHummanTable
                0x00000000800638c4                Jpg_Thumb_Parse_Marker
                0x0000000080065368                Jpg_GetImageWidth
                0x0000000080064588                Jpg_Cdu_Wait
                0x0000000080064360                Jpg_SetDecodedSize
                0x0000000080065354                Jpg_GetTargetHeight
                0x0000000080062f34                CduDisable
                0x000000008006648c                InsertDummyByte
                0x000000008006537c                Jpg_GetImageHeight
                0x0000000080064548                Jpg_CheckComplete
                0x0000000080062e48                ImageGetDC_Controller
                0x0000000080066710                SetJpegDecoder444
                0x0000000080064004                Jpg_GetResizeRatio
                0x00000000800646e0                Jpg_Cdu_Decode_Chase
                0x0000000080065390                Jpg_GetImageFrameWidth
                0x0000000080066604                Choose_Buff_Size
                0x000000008006450c                Jpg_PollEvent
                0x00000000800653a4                Jpg_GetRealTargetWidth
                0x000000008006787c                CduIsr
                0x0000000080062e54                Jpg_DC_Controller_init
 .text          0x00000000800679b8     0x1240 ../../../libIPLAY/lib//libimage.a(IMG_jpeg.o)
                0x00000000800688b4                Jpg_Decoder_Init
                0x00000000800685d0                Jpg_Decoder_DecodeThumb
                0x00000000800689b4                Jpg_Decoder_ImageFile_Init
                0x0000000080068b48                LibjpegCallback_Check
                0x0000000080068724                Jpg_Decoder_DecodeImage
 .text          0x0000000080068bf8      0x4d4 ../../../libIPLAY/lib//libmpapi.a(api_main.o)
                0x0000000080068f60                Api_AudioPause
                0x0000000080068f40                Api_AudioForward
                0x0000000080068d9c                Api_VideoRecordingResume
                0x0000000080069048                Api_MovieStatusGet
                0x0000000080068f04                Api_MovieVideoFullScreen
                0x0000000080068fe4                Api_Audio_getID3_pic
                0x0000000080068ff4                AiuDmaRegCallBackFunc
                0x0000000080068f70                Api_MoviePause
                0x0000000080068f28                Api_MovieForward
                0x0000000080068bf8                Api_VideoRecording
                0x000000008006906c                Api_AmrRecordDisable
                0x0000000080069084                API_SetVideoSpeed
                0x0000000080068fbc                Api_MovieChangeToFullScreenMode
                0x0000000080068e14                Api_VideoRecordingPreviewStart
                0x0000000080068f58                Api_AudioHWDisable
                0x0000000080068f90                Api_EnterMoviePlayer
                0x0000000080068f88                Api_ExitMoviePlayer
                0x0000000080068f38                Api_AudioBackward
                0x0000000080068fac                Api_MovieGetMediaInfo
                0x0000000080068fc4                Api_AlarmSoundPlayer
                0x0000000080068f9c                Api_EnterMoviePreview
                0x0000000080069064                Api_AmrRecordEnable
                0x0000000080068f80                Api_MovieStop
                0x0000000080068f30                Api_MovieBackward
                0x0000000080068f48                Api_GetEQInfo
                0x0000000080068f78                Api_MovieResume
                0x0000000080068fdc                Api_audio_channel_select
                0x0000000080068f68                Api_MoviePlay
                0x0000000080068fd4                Api_ChangeDisplayRatio
                0x0000000080068cac                Api_StopVideoRecording
                0x0000000080068f50                Api_AudioHWEnable
                0x0000000080068fcc                Api_KeyToneSoundPlayer
                0x0000000080069074                Api_Wav_Sound_play
                0x000000008006907c                API_SetAudioTimeStamp
                0x0000000080068e8c                Api_VideoRecordingPreviewStop
                0x000000008006905c                Api_SetRecordVolume
                0x0000000080068fa4                Api_VideoDrawThumb
                0x0000000080069028                AiuDmaClearCallBackFunc
                0x0000000080068fec                MagicPixel_audio_channel_process
                0x0000000080068fb4                Api_MovieChangeToThumbMode
                0x0000000080068d24                Api_VideoRecordingPause
 .text          0x00000000800690cc      0x6f0 ../../../libIPLAY/lib//libmpapi.a(mpImageResizeApi.o)
                0x00000000800690cc                FitToOriginRatio
                0x00000000800696a4                Ipu_Overlay
                0x00000000800695b0                Ipu_ImageScaling
                0x00000000800693bc                Extract_Ipu_ImageScaling
                0x000000008006964c                Ipu_Zoom
                0x000000008006979c                Ipu_Video_Bypass_Show_Main_Win
                0x000000008006921c                ImageDraw_FitToOrigin
                0x00000000800696fc                Ipu_Video_Bypass_Scaling
 .text          0x00000000800697bc     0x123c ../../../libIPLAY/lib//libmpapi.a(mpImageApi.o)
                0x000000008006a980                mpPaintWin
                0x000000008006a64c                mpSE_Crayon
                0x000000008006a110                mpDraw1BitBitmap
                0x000000008006a594                mpSE_Negative
                0x000000008006a044                mpPaintWinArea
                0x000000008006a9a0                mpClearWin
                0x00000000800698e4                mpGetIPUEffectValue
                0x000000008006a4d4                mpSE_Gray
                0x0000000080069b80                mpCopyWinArea
                0x0000000080069ad8                mpSE_Solarzation
                0x000000008006a52c                mpSE_Sepia
                0x000000008006a3cc                mpResetIPUEffectValue
                0x000000008006a6a4                mpCopyWin
                0x000000008006a940                mpWinInit
                0x0000000080069a38                mpSE_RGB_stretch
                0x000000008006a7a8                mpCopyEqualWin
                0x0000000080069cf4                mpCheckBufferContent
                0x000000008006a41c                mpSE_Off
                0x000000008006a9d8                WinInit4VideoPlay
                0x000000008006a5ec                mpSE_Edge
                0x000000008006a9c0                GetScreenOffset
                0x000000008006a46c                mpSE_Sketch
                0x000000008006a2c0                DisplayWinPosition
                0x0000000080069ee4                mpPaintWinAreaBlending
                0x00000000800697bc                mpSetIPUEffectValue
                0x0000000080069d7c                mpPaintWinAreaAntiBlending
                0x000000008006a8ac                mpCopyWinAreaSameSize
 .text          0x000000008006a9f8      0x65c ../../../libIPLAY/lib//libmpapi.a(mpTrace.o)
                0x000000008006ad68                PutUartChar
                0x000000008006ad90                PutUartCharDrop
                0x000000008006af30                UartDMARead
                0x000000008006ab5c                mpDebugPrintValue
                0x000000008006ade4                mpPrintTraceTime
                0x000000008006ae2c                GetUartChar
                0x000000008006b02c                CheckUartStatus
                0x000000008006aebc                UartRead
                0x000000008006b00c                DisUartInt
                0x000000008006ab00                mpDebugPrintChar
                0x000000008006adb8                UartOutText
                0x000000008006a9f8                mpDebugPrintN
                0x000000008006afec                EnaUartInt
                0x000000008006afc8                UartIntDisable
                0x000000008006ac98                mpPrintMessage
                0x000000008006af00                UartWrite
                0x000000008006afa4                UartIntEnable
                0x000000008006adec                Uart_Init
                0x000000008006aa6c                mpDebugPrint
                0x000000008006ae74                WaitUartStatus
                0x000000008006ae9c                WaitUartTxComplete
                0x000000008006addc                mpTraceTimeStart
                0x000000008006ac3c                mpDebugPrintCharDrop
                0x000000008006ae4c                UartOutValue
                0x000000008006af74                UartDMAWrite
 .text          0x000000008006b054      0x504 ../../../libIPLAY/lib//libmpapi.a(mpUtil.o)
                0x000000008006b510                SetBitByOffset
                0x000000008006b0bc                TimerDelay
                0x000000008006b054                WaitMs
                0x000000008006b464                IODelay
                0x000000008006b1a8                MpMemCopy
                0x000000008006b2a4                MpMemSet
                0x000000008006b4e8                GetBitByOffset
                0x000000008006b3f0                MpMemSetDWORD
 .text          0x000000008006b558     0x1080 ../../../libIPLAY/lib//libmpapi.a(mpImageFileApi.o)
                0x000000008006c5a0                JpegEventInit
                0x000000008006b800                ImageFile_Open
                0x000000008006c2b0                GetCurImgOutputType
                0x000000008006c310                ImageFile_GetImageHeight
                0x000000008006b628                ImageFile_DecodeImage
                0x000000008006c348                ImageFile_GetTargetHeight
                0x000000008006c0bc                Check_Thumb_exist
                0x000000008006c2f4                ImageFile_GetImageWidth
                0x000000008006b8a4                ImageFile_CheckSize
                0x000000008006b790                ImageFile_Close
                0x000000008006c460                ImageReleaseSourceBuffer
                0x000000008006c560                ImageResetAllBuffer
                0x000000008006c364                ImageFile_GetTargetBuffer
                0x000000008006c2bc                ImageFile_GetThumbWidth
                0x000000008006c494                ImageReleaseTargetBuffer
                0x000000008006b9a4                ImageFile_DecodeFile
                0x000000008006b6a0                ImageFile_Decoder_Init
                0x000000008006c588                ImageGetTargetSize
                0x000000008006c3c8                ImageFile_DecodeFromBuffer
                0x000000008006b5c8                ImageFile_GetImageSize